2025-06-23 06:07:48,456 [INFO] BC_ExperimentRunner: Starting All Breast Cancer Experiments...
2025-06-23 06:07:48,456 [INFO] BC_ExperimentRunner: ========== Starting BC_MLP_FedAvg_IID_FullFeat ==========
2025-06-23 06:07:48,456 [INFO] BC_ExperimentRunner: --- Setting up experiment: BC_MLP_FedAvg_IID_FullFeat for dataset breast_cancer ---
2025-06-23 06:07:49,803 [INFO] src.utils.data_utils: Set all random seeds to 42
2025-06-23 06:07:49,803 [INFO] BC_ExperimentRunner: Experiment 'BC_MLP_FedAvg_IID_FullFeat' will use tensor_dtype: torch.float32
2025-06-23 06:07:49,803 [INFO] src.utils.data_utils: Loading dataset: breast_cancer, PCA features=None, Scaling=standard, Subset size=None, Dtype=torch.float32
2025-06-23 06:07:49,804 [INFO] src.utils.data_utils: Set all random seeds to 42
2025-06-23 06:07:49,829 [INFO] src.utils.data_utils: Data preparation complete for 'breast_cancer'. Train size: 455, Test size: 114, Features: 30, Classes: 2
2025-06-23 06:07:49,832 [INFO] BC_ExperimentRunner: Successfully loaded configuration from /home/dhanraj/quantum_federated_simulator/configs/federated/server_config.yaml
2025-06-23 06:07:49,835 [INFO] BC_ExperimentRunner: Successfully loaded configuration from /home/dhanraj/quantum_federated_simulator/configs/federated/client_config.yaml
2025-06-23 06:07:49,837 [INFO] BC_ExperimentRunner: Successfully loaded configuration from /home/dhanraj/quantum_federated_simulator/configs/federated/default_aggregation.yaml
2025-06-23 06:07:49,843 [INFO] BC_ExperimentRunner: Creating model of type: classical_mlp with n_features=30, n_classes=2, initial_dtype_request=torch.float32
2025-06-23 06:07:49,848 [INFO] BC_ExperimentRunner: Model 'classical_mlp' parameters set to dtype: torch.float32
2025-06-23 06:07:49,849 [INFO] src.federated.aggregation: Creating aggregation strategy of type: fedavg
2025-06-23 06:07:49,849 [INFO] BC_ExperimentRunner: Using aggregation strategy: FedAvg (base: FedAvg)
2025-06-23 06:07:50,814 [INFO] src.federated.server: Federated server initialized on device 'cuda' with aggregation strategy: FedAvg
2025-06-23 06:07:50,814 [INFO] BC_ExperimentRunner: Creating model of type: classical_mlp with n_features=30, n_classes=2, initial_dtype_request=torch.float32
2025-06-23 06:07:50,814 [INFO] BC_ExperimentRunner: Model 'classical_mlp' parameters set to dtype: torch.float32
2025-06-23 06:07:51,780 [INFO] src.federated.client: Client classical_mlp_client_0 initialized on device 'cuda' with 91 samples.
2025-06-23 06:07:51,780 [INFO] BC_ExperimentRunner: Creating model of type: classical_mlp with n_features=30, n_classes=2, initial_dtype_request=torch.float32
2025-06-23 06:07:51,781 [INFO] BC_ExperimentRunner: Model 'classical_mlp' parameters set to dtype: torch.float32
2025-06-23 06:07:51,782 [INFO] src.federated.client: Client classical_mlp_client_1 initialized on device 'cuda' with 91 samples.
2025-06-23 06:07:51,782 [INFO] BC_ExperimentRunner: Creating model of type: classical_mlp with n_features=30, n_classes=2, initial_dtype_request=torch.float32
2025-06-23 06:07:51,782 [INFO] BC_ExperimentRunner: Model 'classical_mlp' parameters set to dtype: torch.float32
2025-06-23 06:07:51,782 [INFO] src.federated.client: Client classical_mlp_client_2 initialized on device 'cuda' with 91 samples.
2025-06-23 06:07:51,783 [INFO] BC_ExperimentRunner: Creating model of type: classical_mlp with n_features=30, n_classes=2, initial_dtype_request=torch.float32
2025-06-23 06:07:51,783 [INFO] BC_ExperimentRunner: Model 'classical_mlp' parameters set to dtype: torch.float32
2025-06-23 06:07:51,783 [INFO] src.federated.client: Client classical_mlp_client_3 initialized on device 'cuda' with 91 samples.
2025-06-23 06:07:51,783 [INFO] BC_ExperimentRunner: Creating model of type: classical_mlp with n_features=30, n_classes=2, initial_dtype_request=torch.float32
2025-06-23 06:07:51,784 [INFO] BC_ExperimentRunner: Model 'classical_mlp' parameters set to dtype: torch.float32
2025-06-23 06:07:51,784 [INFO] src.federated.client: Client classical_mlp_client_4 initialized on device 'cuda' with 91 samples.
2025-06-23 06:07:51,784 [INFO] src.federated.server: Registered client 'classical_mlp_client_0'. Total clients: 1.
2025-06-23 06:07:51,784 [INFO] src.federated.server: Registered client 'classical_mlp_client_1'. Total clients: 2.
2025-06-23 06:07:51,784 [INFO] src.federated.server: Registered client 'classical_mlp_client_2'. Total clients: 3.
2025-06-23 06:07:51,784 [INFO] src.federated.server: Registered client 'classical_mlp_client_3'. Total clients: 4.
2025-06-23 06:07:51,784 [INFO] src.federated.server: Registered client 'classical_mlp_client_4'. Total clients: 5.
2025-06-23 06:07:51,785 [INFO] BC_ExperimentRunner: --- Scenario setup complete for BC_MLP_FedAvg_IID_FullFeat ---
2025-06-23 06:07:51,785 [INFO] src.federated.server: Starting federated training process for 5 rounds.
2025-06-23 06:07:51,785 [INFO] src.federated.server: Config: local_epochs=3, client_fraction=0.1, min_clients=3, FedProx mu=0.0
2025-06-23 06:07:51,785 [INFO] src.federated.server: Performing initial evaluation of global model...
2025-06-23 06:07:51,979 [INFO] src.federated.server: Initial Evaluation Metrics: {'loss': 0.7119773626327515, 'accuracy': 0.3684210526315789}
2025-06-23 06:07:51,980 [INFO] src.federated.server: ===== Starting Round 1/5 =====
2025-06-23 06:07:51,980 [INFO] src.federated.server: Starting federated training round...
2025-06-23 06:07:51,980 [INFO] src.federated.server: Selected 3 clients out of 5 available (fraction=0.1, min_clients=3): ['classical_mlp_client_0', 'classical_mlp_client_4', 'classical_mlp_client_2']
2025-06-23 06:07:51,981 [INFO] src.federated.client: Client classical_mlp_client_0: Starting local training for 3 epochs. Proximal term mu=0.0.
2025-06-23 06:07:52,125 [INFO] src.federated.client: Client classical_mlp_client_0 - Epoch 1/3 completed. Average Loss: 0.7019
2025-06-23 06:07:52,130 [INFO] src.federated.client: Client classical_mlp_client_0 - Epoch 2/3 completed. Average Loss: 0.6574
2025-06-23 06:07:52,136 [INFO] src.federated.client: Client classical_mlp_client_0 - Epoch 3/3 completed. Average Loss: 0.6177
2025-06-23 06:07:52,137 [INFO] src.federated.client: Client classical_mlp_client_0: Local training finished. Processed 273 samples.
2025-06-23 06:07:52,138 [INFO] src.federated.client: Client classical_mlp_client_4: Starting local training for 3 epochs. Proximal term mu=0.0.
2025-06-23 06:07:52,145 [INFO] src.federated.client: Client classical_mlp_client_4 - Epoch 1/3 completed. Average Loss: 0.7091
2025-06-23 06:07:52,152 [INFO] src.federated.client: Client classical_mlp_client_4 - Epoch 2/3 completed. Average Loss: 0.6556
2025-06-23 06:07:52,158 [INFO] src.federated.client: Client classical_mlp_client_4 - Epoch 3/3 completed. Average Loss: 0.6103
2025-06-23 06:07:52,159 [INFO] src.federated.client: Client classical_mlp_client_4: Local training finished. Processed 273 samples.
2025-06-23 06:07:52,159 [INFO] src.federated.client: Client classical_mlp_client_2: Starting local training for 3 epochs. Proximal term mu=0.0.
2025-06-23 06:07:52,166 [INFO] src.federated.client: Client classical_mlp_client_2 - Epoch 1/3 completed. Average Loss: 0.7050
2025-06-23 06:07:52,173 [INFO] src.federated.client: Client classical_mlp_client_2 - Epoch 2/3 completed. Average Loss: 0.6537
2025-06-23 06:07:52,179 [INFO] src.federated.client: Client classical_mlp_client_2 - Epoch 3/3 completed. Average Loss: 0.6103
2025-06-23 06:07:52,180 [INFO] src.federated.client: Client classical_mlp_client_2: Local training finished. Processed 273 samples.
2025-06-23 06:07:52,180 [INFO] src.federated.server: Aggregating updates from 3 clients using FedAvg.
2025-06-23 06:07:52,180 [INFO] src.federated.aggregation: FedAvg: Aggregating updates from 3 clients.
2025-06-23 06:07:52,181 [INFO] src.federated.aggregation: FedAvg: Aggregation complete.
2025-06-23 06:07:52,181 [INFO] src.federated.server: Global model updated with aggregated parameters.
2025-06-23 06:07:52,181 [INFO] src.federated.server: Evaluating updated global model...
2025-06-23 06:07:52,184 [INFO] src.federated.server: Round 1 completed in 0.20s. Eval Metrics: {'loss': 0.5987380743026733, 'accuracy': 0.8596491228070176}
2025-06-23 06:07:52,184 [INFO] src.federated.server: ===== Starting Round 2/5 =====
2025-06-23 06:07:52,184 [INFO] src.federated.server: Starting federated training round...
2025-06-23 06:07:52,184 [INFO] src.federated.server: Selected 3 clients out of 5 available (fraction=0.1, min_clients=3): ['classical_mlp_client_2', 'classical_mlp_client_1', 'classical_mlp_client_0']
2025-06-23 06:07:52,185 [INFO] src.federated.client: Client classical_mlp_client_2: Starting local training for 3 epochs. Proximal term mu=0.0.
2025-06-23 06:07:52,193 [INFO] src.federated.client: Client classical_mlp_client_2 - Epoch 1/3 completed. Average Loss: 0.5683
2025-06-23 06:07:52,200 [INFO] src.federated.client: Client classical_mlp_client_2 - Epoch 2/3 completed. Average Loss: 0.5224
2025-06-23 06:07:52,207 [INFO] src.federated.client: Client classical_mlp_client_2 - Epoch 3/3 completed. Average Loss: 0.4750
2025-06-23 06:07:52,207 [INFO] src.federated.client: Client classical_mlp_client_2: Local training finished. Processed 273 samples.
2025-06-23 06:07:52,208 [INFO] src.federated.client: Client classical_mlp_client_1: Starting local training for 3 epochs. Proximal term mu=0.0.
2025-06-23 06:07:52,215 [INFO] src.federated.client: Client classical_mlp_client_1 - Epoch 1/3 completed. Average Loss: 0.5870
2025-06-23 06:07:52,221 [INFO] src.federated.client: Client classical_mlp_client_1 - Epoch 2/3 completed. Average Loss: 0.5385
2025-06-23 06:07:52,227 [INFO] src.federated.client: Client classical_mlp_client_1 - Epoch 3/3 completed. Average Loss: 0.4919
2025-06-23 06:07:52,228 [INFO] src.federated.client: Client classical_mlp_client_1: Local training finished. Processed 273 samples.
2025-06-23 06:07:52,228 [INFO] src.federated.client: Client classical_mlp_client_0: Starting local training for 3 epochs. Proximal term mu=0.0.
2025-06-23 06:07:52,234 [INFO] src.federated.client: Client classical_mlp_client_0 - Epoch 1/3 completed. Average Loss: 0.5817
2025-06-23 06:07:52,241 [INFO] src.federated.client: Client classical_mlp_client_0 - Epoch 2/3 completed. Average Loss: 0.5398
2025-06-23 06:07:52,248 [INFO] src.federated.client: Client classical_mlp_client_0 - Epoch 3/3 completed. Average Loss: 0.4949
2025-06-23 06:07:52,249 [INFO] src.federated.client: Client classical_mlp_client_0: Local training finished. Processed 273 samples.
2025-06-23 06:07:52,249 [INFO] src.federated.server: Aggregating updates from 3 clients using FedAvg.
2025-06-23 06:07:52,249 [INFO] src.federated.aggregation: FedAvg: Aggregating updates from 3 clients.
2025-06-23 06:07:52,250 [INFO] src.federated.aggregation: FedAvg: Aggregation complete.
2025-06-23 06:07:52,250 [INFO] src.federated.server: Global model updated with aggregated parameters.
2025-06-23 06:07:52,250 [INFO] src.federated.server: Evaluating updated global model...
2025-06-23 06:07:52,252 [INFO] src.federated.server: Round 2 completed in 0.07s. Eval Metrics: {'loss': 0.4760989546775818, 'accuracy': 0.9385964912280702}
2025-06-23 06:07:52,252 [INFO] src.federated.server: ===== Starting Round 3/5 =====
2025-06-23 06:07:52,252 [INFO] src.federated.server: Starting federated training round...
2025-06-23 06:07:52,252 [INFO] src.federated.server: Selected 3 clients out of 5 available (fraction=0.1, min_clients=3): ['classical_mlp_client_1', 'classical_mlp_client_0', 'classical_mlp_client_2']
2025-06-23 06:07:52,253 [INFO] src.federated.client: Client classical_mlp_client_1: Starting local training for 3 epochs. Proximal term mu=0.0.
2025-06-23 06:07:52,260 [INFO] src.federated.client: Client classical_mlp_client_1 - Epoch 1/3 completed. Average Loss: 0.4500
2025-06-23 06:07:52,266 [INFO] src.federated.client: Client classical_mlp_client_1 - Epoch 2/3 completed. Average Loss: 0.4017
2025-06-23 06:07:52,273 [INFO] src.federated.client: Client classical_mlp_client_1 - Epoch 3/3 completed. Average Loss: 0.3535
2025-06-23 06:07:52,273 [INFO] src.federated.client: Client classical_mlp_client_1: Local training finished. Processed 273 samples.
2025-06-23 06:07:52,274 [INFO] src.federated.client: Client classical_mlp_client_0: Starting local training for 3 epochs. Proximal term mu=0.0.
2025-06-23 06:07:52,280 [INFO] src.federated.client: Client classical_mlp_client_0 - Epoch 1/3 completed. Average Loss: 0.4523
2025-06-23 06:07:52,286 [INFO] src.federated.client: Client classical_mlp_client_0 - Epoch 2/3 completed. Average Loss: 0.4039
2025-06-23 06:07:52,293 [INFO] src.federated.client: Client classical_mlp_client_0 - Epoch 3/3 completed. Average Loss: 0.3564
2025-06-23 06:07:52,293 [INFO] src.federated.client: Client classical_mlp_client_0: Local training finished. Processed 273 samples.
2025-06-23 06:07:52,294 [INFO] src.federated.client: Client classical_mlp_client_2: Starting local training for 3 epochs. Proximal term mu=0.0.
2025-06-23 06:07:52,301 [INFO] src.federated.client: Client classical_mlp_client_2 - Epoch 1/3 completed. Average Loss: 0.4239
2025-06-23 06:07:52,307 [INFO] src.federated.client: Client classical_mlp_client_2 - Epoch 2/3 completed. Average Loss: 0.3727
2025-06-23 06:07:52,313 [INFO] src.federated.client: Client classical_mlp_client_2 - Epoch 3/3 completed. Average Loss: 0.3231
2025-06-23 06:07:52,313 [INFO] src.federated.client: Client classical_mlp_client_2: Local training finished. Processed 273 samples.
2025-06-23 06:07:52,313 [INFO] src.federated.server: Aggregating updates from 3 clients using FedAvg.
2025-06-23 06:07:52,313 [INFO] src.federated.aggregation: FedAvg: Aggregating updates from 3 clients.
2025-06-23 06:07:52,314 [INFO] src.federated.aggregation: FedAvg: Aggregation complete.
2025-06-23 06:07:52,314 [INFO] src.federated.server: Global model updated with aggregated parameters.
2025-06-23 06:07:52,314 [INFO] src.federated.server: Evaluating updated global model...
2025-06-23 06:07:52,316 [INFO] src.federated.server: Round 3 completed in 0.06s. Eval Metrics: {'loss': 0.34171128273010254, 'accuracy': 0.956140350877193}
2025-06-23 06:07:52,316 [INFO] src.federated.server: ===== Starting Round 4/5 =====
2025-06-23 06:07:52,317 [INFO] src.federated.server: Starting federated training round...
2025-06-23 06:07:52,317 [INFO] src.federated.server: Selected 3 clients out of 5 available (fraction=0.1, min_clients=3): ['classical_mlp_client_4', 'classical_mlp_client_0', 'classical_mlp_client_2']
2025-06-23 06:07:52,317 [INFO] src.federated.client: Client classical_mlp_client_4: Starting local training for 3 epochs. Proximal term mu=0.0.
2025-06-23 06:07:52,324 [INFO] src.federated.client: Client classical_mlp_client_4 - Epoch 1/3 completed. Average Loss: 0.2831
2025-06-23 06:07:52,331 [INFO] src.federated.client: Client classical_mlp_client_4 - Epoch 2/3 completed. Average Loss: 0.2416
2025-06-23 06:07:52,337 [INFO] src.federated.client: Client classical_mlp_client_4 - Epoch 3/3 completed. Average Loss: 0.2029
2025-06-23 06:07:52,337 [INFO] src.federated.client: Client classical_mlp_client_4: Local training finished. Processed 273 samples.
2025-06-23 06:07:52,338 [INFO] src.federated.client: Client classical_mlp_client_0: Starting local training for 3 epochs. Proximal term mu=0.0.
2025-06-23 06:07:52,345 [INFO] src.federated.client: Client classical_mlp_client_0 - Epoch 1/3 completed. Average Loss: 0.3158
2025-06-23 06:07:52,351 [INFO] src.federated.client: Client classical_mlp_client_0 - Epoch 2/3 completed. Average Loss: 0.2729
2025-06-23 06:07:52,358 [INFO] src.federated.client: Client classical_mlp_client_0 - Epoch 3/3 completed. Average Loss: 0.2354
2025-06-23 06:07:52,358 [INFO] src.federated.client: Client classical_mlp_client_0: Local training finished. Processed 273 samples.
2025-06-23 06:07:52,358 [INFO] src.federated.client: Client classical_mlp_client_2: Starting local training for 3 epochs. Proximal term mu=0.0.
2025-06-23 06:07:52,365 [INFO] src.federated.client: Client classical_mlp_client_2 - Epoch 1/3 completed. Average Loss: 0.2782
2025-06-23 06:07:52,372 [INFO] src.federated.client: Client classical_mlp_client_2 - Epoch 2/3 completed. Average Loss: 0.2342
2025-06-23 06:07:52,379 [INFO] src.federated.client: Client classical_mlp_client_2 - Epoch 3/3 completed. Average Loss: 0.1974
2025-06-23 06:07:52,379 [INFO] src.federated.client: Client classical_mlp_client_2: Local training finished. Processed 273 samples.
2025-06-23 06:07:52,380 [INFO] src.federated.server: Aggregating updates from 3 clients using FedAvg.
2025-06-23 06:07:52,380 [INFO] src.federated.aggregation: FedAvg: Aggregating updates from 3 clients.
2025-06-23 06:07:52,380 [INFO] src.federated.aggregation: FedAvg: Aggregation complete.
2025-06-23 06:07:52,381 [INFO] src.federated.server: Global model updated with aggregated parameters.
2025-06-23 06:07:52,381 [INFO] src.federated.server: Evaluating updated global model...
2025-06-23 06:07:52,382 [INFO] src.federated.server: Round 4 completed in 0.07s. Eval Metrics: {'loss': 0.23601482808589935, 'accuracy': 0.956140350877193}
2025-06-23 06:07:52,382 [INFO] src.federated.server: ===== Starting Round 5/5 =====
2025-06-23 06:07:52,382 [INFO] src.federated.server: Starting federated training round...
2025-06-23 06:07:52,383 [INFO] src.federated.server: Selected 3 clients out of 5 available (fraction=0.1, min_clients=3): ['classical_mlp_client_3', 'classical_mlp_client_0', 'classical_mlp_client_4']
2025-06-23 06:07:52,383 [INFO] src.federated.client: Client classical_mlp_client_3: Starting local training for 3 epochs. Proximal term mu=0.0.
2025-06-23 06:07:52,391 [INFO] src.federated.client: Client classical_mlp_client_3 - Epoch 1/3 completed. Average Loss: 0.2553
2025-06-23 06:07:52,398 [INFO] src.federated.client: Client classical_mlp_client_3 - Epoch 2/3 completed. Average Loss: 0.2230
2025-06-23 06:07:52,404 [INFO] src.federated.client: Client classical_mlp_client_3 - Epoch 3/3 completed. Average Loss: 0.2000
2025-06-23 06:07:52,405 [INFO] src.federated.client: Client classical_mlp_client_3: Local training finished. Processed 273 samples.
2025-06-23 06:07:52,405 [INFO] src.federated.client: Client classical_mlp_client_0: Starting local training for 3 epochs. Proximal term mu=0.0.
2025-06-23 06:07:52,412 [INFO] src.federated.client: Client classical_mlp_client_0 - Epoch 1/3 completed. Average Loss: 0.2127
2025-06-23 06:07:52,419 [INFO] src.federated.client: Client classical_mlp_client_0 - Epoch 2/3 completed. Average Loss: 0.1849
2025-06-23 06:07:52,425 [INFO] src.federated.client: Client classical_mlp_client_0 - Epoch 3/3 completed. Average Loss: 0.1611
2025-06-23 06:07:52,426 [INFO] src.federated.client: Client classical_mlp_client_0: Local training finished. Processed 273 samples.
2025-06-23 06:07:52,426 [INFO] src.federated.client: Client classical_mlp_client_4: Starting local training for 3 epochs. Proximal term mu=0.0.
2025-06-23 06:07:52,433 [INFO] src.federated.client: Client classical_mlp_client_4 - Epoch 1/3 completed. Average Loss: 0.1644
2025-06-23 06:07:52,438 [INFO] src.federated.client: Client classical_mlp_client_4 - Epoch 2/3 completed. Average Loss: 0.1357
2025-06-23 06:07:52,445 [INFO] src.federated.client: Client classical_mlp_client_4 - Epoch 3/3 completed. Average Loss: 0.1104
2025-06-23 06:07:52,445 [INFO] src.federated.client: Client classical_mlp_client_4: Local training finished. Processed 273 samples.
2025-06-23 06:07:52,446 [INFO] src.federated.server: Aggregating updates from 3 clients using FedAvg.
2025-06-23 06:07:52,446 [INFO] src.federated.aggregation: FedAvg: Aggregating updates from 3 clients.
2025-06-23 06:07:52,446 [INFO] src.federated.aggregation: FedAvg: Aggregation complete.
2025-06-23 06:07:52,447 [INFO] src.federated.server: Global model updated with aggregated parameters.
2025-06-23 06:07:52,447 [INFO] src.federated.server: Evaluating updated global model...
2025-06-23 06:07:52,448 [INFO] src.federated.server: Round 5 completed in 0.07s. Eval Metrics: {'loss': 0.17213810980319977, 'accuracy': 0.9649122807017544}
2025-06-23 06:07:52,448 [INFO] src.federated.server: Federated training process completed after 5 rounds.
2025-06-23 06:07:52,448 [INFO] BC_ExperimentRunner: ========== Finished BC_MLP_FedAvg_IID_FullFeat ==========

2025-06-23 06:07:52,448 [INFO] BC_ExperimentRunner: ========== Starting BC_MLP_FedAvg_NonIID_a0.3_FullFeat ==========
2025-06-23 06:07:52,449 [INFO] BC_ExperimentRunner: --- Setting up experiment: BC_MLP_FedAvg_NonIID_a0.3_FullFeat for dataset breast_cancer ---
2025-06-23 06:07:52,450 [INFO] src.utils.data_utils: Set all random seeds to 42
2025-06-23 06:07:52,450 [INFO] BC_ExperimentRunner: Experiment 'BC_MLP_FedAvg_NonIID_a0.3_FullFeat' will use tensor_dtype: torch.float32
2025-06-23 06:07:52,451 [INFO] src.utils.data_utils: Loading dataset: breast_cancer, PCA features=None, Scaling=standard, Subset size=None, Dtype=torch.float32
2025-06-23 06:07:52,451 [INFO] src.utils.data_utils: Set all random seeds to 42
2025-06-23 06:07:52,456 [INFO] src.utils.data_utils: Data preparation complete for 'breast_cancer'. Train size: 455, Test size: 114, Features: 30, Classes: 2
2025-06-23 06:07:52,459 [INFO] BC_ExperimentRunner: Successfully loaded configuration from /home/dhanraj/quantum_federated_simulator/configs/federated/server_config.yaml
2025-06-23 06:07:52,461 [INFO] BC_ExperimentRunner: Successfully loaded configuration from /home/dhanraj/quantum_federated_simulator/configs/federated/client_config.yaml
2025-06-23 06:07:52,463 [INFO] BC_ExperimentRunner: Successfully loaded configuration from /home/dhanraj/quantum_federated_simulator/configs/federated/default_aggregation.yaml
2025-06-23 06:07:52,464 [INFO] BC_ExperimentRunner: Creating model of type: classical_mlp with n_features=30, n_classes=2, initial_dtype_request=torch.float32
2025-06-23 06:07:52,464 [INFO] BC_ExperimentRunner: Model 'classical_mlp' parameters set to dtype: torch.float32
2025-06-23 06:07:52,464 [INFO] src.federated.aggregation: Creating aggregation strategy of type: fedavg
2025-06-23 06:07:52,464 [INFO] BC_ExperimentRunner: Using aggregation strategy: FedAvg (base: FedAvg)
2025-06-23 06:07:52,465 [INFO] src.federated.server: Federated server initialized on device 'cuda' with aggregation strategy: FedAvg
2025-06-23 06:07:52,465 [INFO] BC_ExperimentRunner: Creating model of type: classical_mlp with n_features=30, n_classes=2, initial_dtype_request=torch.float32
2025-06-23 06:07:52,465 [INFO] BC_ExperimentRunner: Model 'classical_mlp' parameters set to dtype: torch.float32
2025-06-23 06:07:52,466 [INFO] src.federated.client: Client classical_mlp_client_0 initialized on device 'cuda' with 11 samples.
2025-06-23 06:07:52,466 [INFO] BC_ExperimentRunner: Creating model of type: classical_mlp with n_features=30, n_classes=2, initial_dtype_request=torch.float32
2025-06-23 06:07:52,466 [INFO] BC_ExperimentRunner: Model 'classical_mlp' parameters set to dtype: torch.float32
2025-06-23 06:07:52,467 [INFO] src.federated.client: Client classical_mlp_client_1 initialized on device 'cuda' with 357 samples.
2025-06-23 06:07:52,467 [INFO] BC_ExperimentRunner: Creating model of type: classical_mlp with n_features=30, n_classes=2, initial_dtype_request=torch.float32
2025-06-23 06:07:52,467 [INFO] BC_ExperimentRunner: Model 'classical_mlp' parameters set to dtype: torch.float32
2025-06-23 06:07:52,468 [INFO] src.federated.client: Client classical_mlp_client_2 initialized on device 'cuda' with 2 samples.
2025-06-23 06:07:52,468 [INFO] BC_ExperimentRunner: Creating model of type: classical_mlp with n_features=30, n_classes=2, initial_dtype_request=torch.float32
2025-06-23 06:07:52,468 [INFO] BC_ExperimentRunner: Model 'classical_mlp' parameters set to dtype: torch.float32
2025-06-23 06:07:52,469 [INFO] src.federated.client: Client classical_mlp_client_3 initialized on device 'cuda' with 7 samples.
2025-06-23 06:07:52,469 [INFO] BC_ExperimentRunner: Creating model of type: classical_mlp with n_features=30, n_classes=2, initial_dtype_request=torch.float32
2025-06-23 06:07:52,469 [INFO] BC_ExperimentRunner: Model 'classical_mlp' parameters set to dtype: torch.float32
2025-06-23 06:07:52,469 [INFO] src.federated.client: Client classical_mlp_client_4 initialized on device 'cuda' with 78 samples.
2025-06-23 06:07:52,470 [INFO] src.federated.server: Registered client 'classical_mlp_client_0'. Total clients: 1.
2025-06-23 06:07:52,470 [INFO] src.federated.server: Registered client 'classical_mlp_client_1'. Total clients: 2.
2025-06-23 06:07:52,470 [INFO] src.federated.server: Registered client 'classical_mlp_client_2'. Total clients: 3.
2025-06-23 06:07:52,470 [INFO] src.federated.server: Registered client 'classical_mlp_client_3'. Total clients: 4.
2025-06-23 06:07:52,470 [INFO] src.federated.server: Registered client 'classical_mlp_client_4'. Total clients: 5.
2025-06-23 06:07:52,470 [INFO] BC_ExperimentRunner: --- Scenario setup complete for BC_MLP_FedAvg_NonIID_a0.3_FullFeat ---
2025-06-23 06:07:52,470 [INFO] src.federated.server: Starting federated training process for 5 rounds.
2025-06-23 06:07:52,470 [INFO] src.federated.server: Config: local_epochs=3, client_fraction=0.1, min_clients=3, FedProx mu=0.0
2025-06-23 06:07:52,470 [INFO] src.federated.server: Performing initial evaluation of global model...
2025-06-23 06:07:52,472 [INFO] src.federated.server: Initial Evaluation Metrics: {'loss': 0.7107932567596436, 'accuracy': 0.40350877192982454}
2025-06-23 06:07:52,472 [INFO] src.federated.server: ===== Starting Round 1/5 =====
2025-06-23 06:07:52,472 [INFO] src.federated.server: Starting federated training round...
2025-06-23 06:07:52,472 [INFO] src.federated.server: Selected 3 clients out of 5 available (fraction=0.1, min_clients=3): ['classical_mlp_client_1', 'classical_mlp_client_4', 'classical_mlp_client_3']
2025-06-23 06:07:52,473 [INFO] src.federated.client: Client classical_mlp_client_1: Starting local training for 3 epochs. Proximal term mu=0.0.
2025-06-23 06:07:52,504 [INFO] src.federated.client: Client classical_mlp_client_1 - Epoch 1/3 completed. Average Loss: 0.6472
2025-06-23 06:07:52,526 [INFO] src.federated.client: Client classical_mlp_client_1 - Epoch 2/3 completed. Average Loss: 0.5018
2025-06-23 06:07:52,548 [INFO] src.federated.client: Client classical_mlp_client_1 - Epoch 3/3 completed. Average Loss: 0.3288
2025-06-23 06:07:52,549 [INFO] src.federated.client: Client classical_mlp_client_1: Local training finished. Processed 1071 samples.
2025-06-23 06:07:52,549 [INFO] src.federated.client: Client classical_mlp_client_4: Starting local training for 3 epochs. Proximal term mu=0.0.
2025-06-23 06:07:52,555 [INFO] src.federated.client: Client classical_mlp_client_4 - Epoch 1/3 completed. Average Loss: 0.7094
2025-06-23 06:07:52,561 [INFO] src.federated.client: Client classical_mlp_client_4 - Epoch 2/3 completed. Average Loss: 0.6597
2025-06-23 06:07:52,569 [INFO] src.federated.client: Client classical_mlp_client_4 - Epoch 3/3 completed. Average Loss: 0.6198
2025-06-23 06:07:52,570 [INFO] src.federated.client: Client classical_mlp_client_4: Local training finished. Processed 234 samples.
2025-06-23 06:07:52,571 [INFO] src.federated.client: Client classical_mlp_client_3: Starting local training for 3 epochs. Proximal term mu=0.0.
2025-06-23 06:07:52,574 [INFO] src.federated.client: Client classical_mlp_client_3 - Epoch 1/3 completed. Average Loss: 0.6567
2025-06-23 06:07:52,576 [INFO] src.federated.client: Client classical_mlp_client_3 - Epoch 2/3 completed. Average Loss: 0.6351
2025-06-23 06:07:52,578 [INFO] src.federated.client: Client classical_mlp_client_3 - Epoch 3/3 completed. Average Loss: 0.6149
2025-06-23 06:07:52,579 [INFO] src.federated.client: Client classical_mlp_client_3: Local training finished. Processed 21 samples.
2025-06-23 06:07:52,579 [INFO] src.federated.server: Aggregating updates from 3 clients using FedAvg.
2025-06-23 06:07:52,579 [INFO] src.federated.aggregation: FedAvg: Aggregating updates from 3 clients.
2025-06-23 06:07:52,580 [INFO] src.federated.aggregation: FedAvg: Aggregation complete.
2025-06-23 06:07:52,580 [INFO] src.federated.server: Global model updated with aggregated parameters.
2025-06-23 06:07:52,580 [INFO] src.federated.server: Evaluating updated global model...
2025-06-23 06:07:52,582 [INFO] src.federated.server: Round 1 completed in 0.11s. Eval Metrics: {'loss': 0.3359237015247345, 'accuracy': 0.9385964912280702}
2025-06-23 06:07:52,582 [INFO] src.federated.server: ===== Starting Round 2/5 =====
2025-06-23 06:07:52,582 [INFO] src.federated.server: Starting federated training round...
2025-06-23 06:07:52,582 [INFO] src.federated.server: Selected 3 clients out of 5 available (fraction=0.1, min_clients=3): ['classical_mlp_client_2', 'classical_mlp_client_4', 'classical_mlp_client_0']
2025-06-23 06:07:52,583 [INFO] src.federated.client: Client classical_mlp_client_2: Starting local training for 3 epochs. Proximal term mu=0.0.
2025-06-23 06:07:52,586 [INFO] src.federated.client: Client classical_mlp_client_2 - Epoch 1/3 completed. Average Loss: 0.6679
2025-06-23 06:07:52,588 [INFO] src.federated.client: Client classical_mlp_client_2 - Epoch 2/3 completed. Average Loss: 0.6453
2025-06-23 06:07:52,590 [INFO] src.federated.client: Client classical_mlp_client_2 - Epoch 3/3 completed. Average Loss: 0.6238
2025-06-23 06:07:52,591 [INFO] src.federated.client: Client classical_mlp_client_2: Local training finished. Processed 6 samples.
2025-06-23 06:07:52,591 [INFO] src.federated.client: Client classical_mlp_client_4: Starting local training for 3 epochs. Proximal term mu=0.0.
2025-06-23 06:07:52,598 [INFO] src.federated.client: Client classical_mlp_client_4 - Epoch 1/3 completed. Average Loss: 0.3650
2025-06-23 06:07:52,604 [INFO] src.federated.client: Client classical_mlp_client_4 - Epoch 2/3 completed. Average Loss: 0.3298
2025-06-23 06:07:52,610 [INFO] src.federated.client: Client classical_mlp_client_4 - Epoch 3/3 completed. Average Loss: 0.2937
2025-06-23 06:07:52,611 [INFO] src.federated.client: Client classical_mlp_client_4: Local training finished. Processed 234 samples.
2025-06-23 06:07:52,612 [INFO] src.federated.client: Client classical_mlp_client_0: Starting local training for 3 epochs. Proximal term mu=0.0.
2025-06-23 06:07:52,616 [INFO] src.federated.client: Client classical_mlp_client_0 - Epoch 1/3 completed. Average Loss: 0.3234
2025-06-23 06:07:52,620 [INFO] src.federated.client: Client classical_mlp_client_0 - Epoch 2/3 completed. Average Loss: 0.2965
2025-06-23 06:07:52,623 [INFO] src.federated.client: Client classical_mlp_client_0 - Epoch 3/3 completed. Average Loss: 0.2723
2025-06-23 06:07:52,624 [INFO] src.federated.client: Client classical_mlp_client_0: Local training finished. Processed 33 samples.
2025-06-23 06:07:52,624 [INFO] src.federated.server: Aggregating updates from 3 clients using FedAvg.
2025-06-23 06:07:52,624 [INFO] src.federated.aggregation: FedAvg: Aggregating updates from 3 clients.
2025-06-23 06:07:52,625 [INFO] src.federated.aggregation: FedAvg: Aggregation complete.
2025-06-23 06:07:52,626 [INFO] src.federated.server: Global model updated with aggregated parameters.
2025-06-23 06:07:52,626 [INFO] src.federated.server: Evaluating updated global model...
2025-06-23 06:07:52,628 [INFO] src.federated.server: Round 2 completed in 0.05s. Eval Metrics: {'loss': 0.2865592837333679, 'accuracy': 0.9210526315789473}
2025-06-23 06:07:52,629 [INFO] src.federated.server: ===== Starting Round 3/5 =====
2025-06-23 06:07:52,629 [INFO] src.federated.server: Starting federated training round...
2025-06-23 06:07:52,629 [INFO] src.federated.server: Selected 3 clients out of 5 available (fraction=0.1, min_clients=3): ['classical_mlp_client_1', 'classical_mlp_client_0', 'classical_mlp_client_2']
2025-06-23 06:07:52,630 [INFO] src.federated.client: Client classical_mlp_client_1: Starting local training for 3 epochs. Proximal term mu=0.0.
2025-06-23 06:07:52,659 [INFO] src.federated.client: Client classical_mlp_client_1 - Epoch 1/3 completed. Average Loss: 0.2064
2025-06-23 06:07:52,681 [INFO] src.federated.client: Client classical_mlp_client_1 - Epoch 2/3 completed. Average Loss: 0.1251
2025-06-23 06:07:52,704 [INFO] src.federated.client: Client classical_mlp_client_1 - Epoch 3/3 completed. Average Loss: 0.0925
2025-06-23 06:07:52,705 [INFO] src.federated.client: Client classical_mlp_client_1: Local training finished. Processed 1071 samples.
2025-06-23 06:07:52,705 [INFO] src.federated.client: Client classical_mlp_client_0: Starting local training for 3 epochs. Proximal term mu=0.0.
2025-06-23 06:07:52,707 [INFO] src.federated.client: Client classical_mlp_client_0 - Epoch 1/3 completed. Average Loss: 0.1903
2025-06-23 06:07:52,709 [INFO] src.federated.client: Client classical_mlp_client_0 - Epoch 2/3 completed. Average Loss: 0.1741
2025-06-23 06:07:52,711 [INFO] src.federated.client: Client classical_mlp_client_0 - Epoch 3/3 completed. Average Loss: 0.1596
2025-06-23 06:07:52,711 [INFO] src.federated.client: Client classical_mlp_client_0: Local training finished. Processed 33 samples.
2025-06-23 06:07:52,712 [INFO] src.federated.client: Client classical_mlp_client_2: Starting local training for 3 epochs. Proximal term mu=0.0.
2025-06-23 06:07:52,713 [INFO] src.federated.client: Client classical_mlp_client_2 - Epoch 1/3 completed. Average Loss: 0.7245
2025-06-23 06:07:52,716 [INFO] src.federated.client: Client classical_mlp_client_2 - Epoch 2/3 completed. Average Loss: 0.7003
2025-06-23 06:07:52,718 [INFO] src.federated.client: Client classical_mlp_client_2 - Epoch 3/3 completed. Average Loss: 0.6749
2025-06-23 06:07:52,719 [INFO] src.federated.client: Client classical_mlp_client_2: Local training finished. Processed 6 samples.
2025-06-23 06:07:52,719 [INFO] src.federated.server: Aggregating updates from 3 clients using FedAvg.
2025-06-23 06:07:52,719 [INFO] src.federated.aggregation: FedAvg: Aggregating updates from 3 clients.
2025-06-23 06:07:52,720 [INFO] src.federated.aggregation: FedAvg: Aggregation complete.
2025-06-23 06:07:52,720 [INFO] src.federated.server: Global model updated with aggregated parameters.
2025-06-23 06:07:52,720 [INFO] src.federated.server: Evaluating updated global model...
2025-06-23 06:07:52,722 [INFO] src.federated.server: Round 3 completed in 0.09s. Eval Metrics: {'loss': 0.11201547086238861, 'accuracy': 0.956140350877193}
2025-06-23 06:07:52,722 [INFO] src.federated.server: ===== Starting Round 4/5 =====
2025-06-23 06:07:52,722 [INFO] src.federated.server: Starting federated training round...
2025-06-23 06:07:52,722 [INFO] src.federated.server: Selected 3 clients out of 5 available (fraction=0.1, min_clients=3): ['classical_mlp_client_1', 'classical_mlp_client_3', 'classical_mlp_client_4']
2025-06-23 06:07:52,723 [INFO] src.federated.client: Client classical_mlp_client_1: Starting local training for 3 epochs. Proximal term mu=0.0.
2025-06-23 06:07:52,744 [INFO] src.federated.client: Client classical_mlp_client_1 - Epoch 1/3 completed. Average Loss: 0.0788
2025-06-23 06:07:52,766 [INFO] src.federated.client: Client classical_mlp_client_1 - Epoch 2/3 completed. Average Loss: 0.0673
2025-06-23 06:07:52,793 [INFO] src.federated.client: Client classical_mlp_client_1 - Epoch 3/3 completed. Average Loss: 0.0598
2025-06-23 06:07:52,794 [INFO] src.federated.client: Client classical_mlp_client_1: Local training finished. Processed 1071 samples.
2025-06-23 06:07:52,794 [INFO] src.federated.client: Client classical_mlp_client_3: Starting local training for 3 epochs. Proximal term mu=0.0.
2025-06-23 06:07:52,797 [INFO] src.federated.client: Client classical_mlp_client_3 - Epoch 1/3 completed. Average Loss: 0.0215
2025-06-23 06:07:52,799 [INFO] src.federated.client: Client classical_mlp_client_3 - Epoch 2/3 completed. Average Loss: 0.0176
2025-06-23 06:07:52,801 [INFO] src.federated.client: Client classical_mlp_client_3 - Epoch 3/3 completed. Average Loss: 0.0145
2025-06-23 06:07:52,802 [INFO] src.federated.client: Client classical_mlp_client_3: Local training finished. Processed 21 samples.
2025-06-23 06:07:52,802 [INFO] src.federated.client: Client classical_mlp_client_4: Starting local training for 3 epochs. Proximal term mu=0.0.
2025-06-23 06:07:52,810 [INFO] src.federated.client: Client classical_mlp_client_4 - Epoch 1/3 completed. Average Loss: 0.1790
2025-06-23 06:07:52,817 [INFO] src.federated.client: Client classical_mlp_client_4 - Epoch 2/3 completed. Average Loss: 0.1561
2025-06-23 06:07:52,824 [INFO] src.federated.client: Client classical_mlp_client_4 - Epoch 3/3 completed. Average Loss: 0.1338
2025-06-23 06:07:52,825 [INFO] src.federated.client: Client classical_mlp_client_4: Local training finished. Processed 234 samples.
2025-06-23 06:07:52,825 [INFO] src.federated.server: Aggregating updates from 3 clients using FedAvg.
2025-06-23 06:07:52,825 [INFO] src.federated.aggregation: FedAvg: Aggregating updates from 3 clients.
2025-06-23 06:07:52,826 [INFO] src.federated.aggregation: FedAvg: Aggregation complete.
2025-06-23 06:07:52,827 [INFO] src.federated.server: Global model updated with aggregated parameters.
2025-06-23 06:07:52,827 [INFO] src.federated.server: Evaluating updated global model...
2025-06-23 06:07:52,828 [INFO] src.federated.server: Round 4 completed in 0.11s. Eval Metrics: {'loss': 0.09110914915800095, 'accuracy': 0.9649122807017544}
2025-06-23 06:07:52,829 [INFO] src.federated.server: ===== Starting Round 5/5 =====
2025-06-23 06:07:52,829 [INFO] src.federated.server: Starting federated training round...
2025-06-23 06:07:52,829 [INFO] src.federated.server: Selected 3 clients out of 5 available (fraction=0.1, min_clients=3): ['classical_mlp_client_2', 'classical_mlp_client_0', 'classical_mlp_client_1']
2025-06-23 06:07:52,829 [INFO] src.federated.client: Client classical_mlp_client_2: Starting local training for 3 epochs. Proximal term mu=0.0.
2025-06-23 06:07:52,832 [INFO] src.federated.client: Client classical_mlp_client_2 - Epoch 1/3 completed. Average Loss: 0.5259
2025-06-23 06:07:52,834 [INFO] src.federated.client: Client classical_mlp_client_2 - Epoch 2/3 completed. Average Loss: 0.4709
2025-06-23 06:07:52,836 [INFO] src.federated.client: Client classical_mlp_client_2 - Epoch 3/3 completed. Average Loss: 0.4168
2025-06-23 06:07:52,837 [INFO] src.federated.client: Client classical_mlp_client_2: Local training finished. Processed 6 samples.
2025-06-23 06:07:52,837 [INFO] src.federated.client: Client classical_mlp_client_0: Starting local training for 3 epochs. Proximal term mu=0.0.
2025-06-23 06:07:52,840 [INFO] src.federated.client: Client classical_mlp_client_0 - Epoch 1/3 completed. Average Loss: 0.0662
2025-06-23 06:07:52,843 [INFO] src.federated.client: Client classical_mlp_client_0 - Epoch 2/3 completed. Average Loss: 0.0524
2025-06-23 06:07:52,846 [INFO] src.federated.client: Client classical_mlp_client_0 - Epoch 3/3 completed. Average Loss: 0.0411
2025-06-23 06:07:52,846 [INFO] src.federated.client: Client classical_mlp_client_0: Local training finished. Processed 33 samples.
2025-06-23 06:07:52,847 [INFO] src.federated.client: Client classical_mlp_client_1: Starting local training for 3 epochs. Proximal term mu=0.0.
2025-06-23 06:07:52,872 [INFO] src.federated.client: Client classical_mlp_client_1 - Epoch 1/3 completed. Average Loss: 0.0566
2025-06-23 06:07:52,895 [INFO] src.federated.client: Client classical_mlp_client_1 - Epoch 2/3 completed. Average Loss: 0.0528
2025-06-23 06:07:52,917 [INFO] src.federated.client: Client classical_mlp_client_1 - Epoch 3/3 completed. Average Loss: 0.0473
2025-06-23 06:07:52,918 [INFO] src.federated.client: Client classical_mlp_client_1: Local training finished. Processed 1071 samples.
2025-06-23 06:07:52,918 [INFO] src.federated.server: Aggregating updates from 3 clients using FedAvg.
2025-06-23 06:07:52,918 [INFO] src.federated.aggregation: FedAvg: Aggregating updates from 3 clients.
2025-06-23 06:07:52,918 [INFO] src.federated.aggregation: FedAvg: Aggregation complete.
2025-06-23 06:07:52,919 [INFO] src.federated.server: Global model updated with aggregated parameters.
2025-06-23 06:07:52,919 [INFO] src.federated.server: Evaluating updated global model...
2025-06-23 06:07:52,920 [INFO] src.federated.server: Round 5 completed in 0.09s. Eval Metrics: {'loss': 0.08188345283269882, 'accuracy': 0.956140350877193}
2025-06-23 06:07:52,920 [INFO] src.federated.server: Federated training process completed after 5 rounds.
2025-06-23 06:07:52,920 [INFO] BC_ExperimentRunner: ========== Finished BC_MLP_FedAvg_NonIID_a0.3_FullFeat ==========

2025-06-23 06:07:52,921 [INFO] BC_ExperimentRunner: ========== Starting BC_MLP_FedDive_IID_FullFeat ==========
2025-06-23 06:07:52,921 [INFO] BC_ExperimentRunner: --- Setting up experiment: BC_MLP_FedDive_IID_FullFeat for dataset breast_cancer ---
2025-06-23 06:07:52,921 [INFO] src.utils.data_utils: Set all random seeds to 42
2025-06-23 06:07:52,921 [INFO] BC_ExperimentRunner: Experiment 'BC_MLP_FedDive_IID_FullFeat' will use tensor_dtype: torch.float32
2025-06-23 06:07:52,921 [INFO] src.utils.data_utils: Loading dataset: breast_cancer, PCA features=None, Scaling=standard, Subset size=None, Dtype=torch.float32
2025-06-23 06:07:52,921 [INFO] src.utils.data_utils: Set all random seeds to 42
2025-06-23 06:07:52,927 [INFO] src.utils.data_utils: Data preparation complete for 'breast_cancer'. Train size: 455, Test size: 114, Features: 30, Classes: 2
2025-06-23 06:07:52,929 [INFO] BC_ExperimentRunner: Successfully loaded configuration from /home/dhanraj/quantum_federated_simulator/configs/federated/server_config.yaml
2025-06-23 06:07:52,931 [INFO] BC_ExperimentRunner: Successfully loaded configuration from /home/dhanraj/quantum_federated_simulator/configs/federated/client_config.yaml
2025-06-23 06:07:52,933 [INFO] BC_ExperimentRunner: Successfully loaded configuration from /home/dhanraj/quantum_federated_simulator/configs/federated/default_aggregation.yaml
2025-06-23 06:07:52,934 [INFO] BC_ExperimentRunner: Creating model of type: classical_mlp with n_features=30, n_classes=2, initial_dtype_request=torch.float32
2025-06-23 06:07:52,934 [INFO] BC_ExperimentRunner: Model 'classical_mlp' parameters set to dtype: torch.float32
2025-06-23 06:07:52,934 [INFO] src.federated.aggregation: Creating aggregation strategy of type: feddive
2025-06-23 06:07:52,934 [INFO] src.federated.aggregation: FedDive parameters: momentum=0.9, epsilon=1e-08, temperature=1.0, normalize_distances=True
2025-06-23 06:07:52,934 [INFO] BC_ExperimentRunner: Using aggregation strategy: FedDive (base: FedDive)
2025-06-23 06:07:52,935 [INFO] src.federated.server: Federated server initialized on device 'cuda' with aggregation strategy: FedDive
2025-06-23 06:07:52,935 [INFO] BC_ExperimentRunner: Creating model of type: classical_mlp with n_features=30, n_classes=2, initial_dtype_request=torch.float32
2025-06-23 06:07:52,935 [INFO] BC_ExperimentRunner: Model 'classical_mlp' parameters set to dtype: torch.float32
2025-06-23 06:07:52,936 [INFO] src.federated.client: Client classical_mlp_client_0 initialized on device 'cuda' with 91 samples.
2025-06-23 06:07:52,936 [INFO] BC_ExperimentRunner: Creating model of type: classical_mlp with n_features=30, n_classes=2, initial_dtype_request=torch.float32
2025-06-23 06:07:52,936 [INFO] BC_ExperimentRunner: Model 'classical_mlp' parameters set to dtype: torch.float32
2025-06-23 06:07:52,937 [INFO] src.federated.client: Client classical_mlp_client_1 initialized on device 'cuda' with 91 samples.
2025-06-23 06:07:52,937 [INFO] BC_ExperimentRunner: Creating model of type: classical_mlp with n_features=30, n_classes=2, initial_dtype_request=torch.float32
2025-06-23 06:07:52,937 [INFO] BC_ExperimentRunner: Model 'classical_mlp' parameters set to dtype: torch.float32
2025-06-23 06:07:52,938 [INFO] src.federated.client: Client classical_mlp_client_2 initialized on device 'cuda' with 91 samples.
2025-06-23 06:07:52,938 [INFO] BC_ExperimentRunner: Creating model of type: classical_mlp with n_features=30, n_classes=2, initial_dtype_request=torch.float32
2025-06-23 06:07:52,938 [INFO] BC_ExperimentRunner: Model 'classical_mlp' parameters set to dtype: torch.float32
2025-06-23 06:07:52,938 [INFO] src.federated.client: Client classical_mlp_client_3 initialized on device 'cuda' with 91 samples.
2025-06-23 06:07:52,939 [INFO] BC_ExperimentRunner: Creating model of type: classical_mlp with n_features=30, n_classes=2, initial_dtype_request=torch.float32
2025-06-23 06:07:52,939 [INFO] BC_ExperimentRunner: Model 'classical_mlp' parameters set to dtype: torch.float32
2025-06-23 06:07:52,939 [INFO] src.federated.client: Client classical_mlp_client_4 initialized on device 'cuda' with 91 samples.
2025-06-23 06:07:52,939 [INFO] src.federated.server: Registered client 'classical_mlp_client_0'. Total clients: 1.
2025-06-23 06:07:52,939 [INFO] src.federated.server: Registered client 'classical_mlp_client_1'. Total clients: 2.
2025-06-23 06:07:52,940 [INFO] src.federated.server: Registered client 'classical_mlp_client_2'. Total clients: 3.
2025-06-23 06:07:52,940 [INFO] src.federated.server: Registered client 'classical_mlp_client_3'. Total clients: 4.
2025-06-23 06:07:52,940 [INFO] src.federated.server: Registered client 'classical_mlp_client_4'. Total clients: 5.
2025-06-23 06:07:52,940 [INFO] BC_ExperimentRunner: --- Scenario setup complete for BC_MLP_FedDive_IID_FullFeat ---
2025-06-23 06:07:52,940 [INFO] src.federated.server: Starting federated training process for 5 rounds.
2025-06-23 06:07:52,940 [INFO] src.federated.server: Config: local_epochs=3, client_fraction=0.1, min_clients=3, FedProx mu=0.0
2025-06-23 06:07:52,940 [INFO] src.federated.server: Performing initial evaluation of global model...
2025-06-23 06:07:52,942 [INFO] src.federated.server: Initial Evaluation Metrics: {'loss': 0.7119773626327515, 'accuracy': 0.3684210526315789}
2025-06-23 06:07:52,942 [INFO] src.federated.server: ===== Starting Round 1/5 =====
2025-06-23 06:07:52,942 [INFO] src.federated.server: Starting federated training round...
2025-06-23 06:07:52,942 [INFO] src.federated.server: Selected 3 clients out of 5 available (fraction=0.1, min_clients=3): ['classical_mlp_client_0', 'classical_mlp_client_4', 'classical_mlp_client_2']
2025-06-23 06:07:52,943 [INFO] src.federated.client: Client classical_mlp_client_0: Starting local training for 3 epochs. Proximal term mu=0.0.
2025-06-23 06:07:52,950 [INFO] src.federated.client: Client classical_mlp_client_0 - Epoch 1/3 completed. Average Loss: 0.7019
2025-06-23 06:07:52,955 [INFO] src.federated.client: Client classical_mlp_client_0 - Epoch 2/3 completed. Average Loss: 0.6574
2025-06-23 06:07:52,962 [INFO] src.federated.client: Client classical_mlp_client_0 - Epoch 3/3 completed. Average Loss: 0.6177
2025-06-23 06:07:52,962 [INFO] src.federated.client: Client classical_mlp_client_0: Local training finished. Processed 273 samples.
2025-06-23 06:07:52,963 [INFO] src.federated.client: Client classical_mlp_client_4: Starting local training for 3 epochs. Proximal term mu=0.0.
2025-06-23 06:07:52,969 [INFO] src.federated.client: Client classical_mlp_client_4 - Epoch 1/3 completed. Average Loss: 0.7091
2025-06-23 06:07:52,975 [INFO] src.federated.client: Client classical_mlp_client_4 - Epoch 2/3 completed. Average Loss: 0.6556
2025-06-23 06:07:52,982 [INFO] src.federated.client: Client classical_mlp_client_4 - Epoch 3/3 completed. Average Loss: 0.6103
2025-06-23 06:07:52,983 [INFO] src.federated.client: Client classical_mlp_client_4: Local training finished. Processed 273 samples.
2025-06-23 06:07:52,983 [INFO] src.federated.client: Client classical_mlp_client_2: Starting local training for 3 epochs. Proximal term mu=0.0.
2025-06-23 06:07:52,989 [INFO] src.federated.client: Client classical_mlp_client_2 - Epoch 1/3 completed. Average Loss: 0.7050
2025-06-23 06:07:52,996 [INFO] src.federated.client: Client classical_mlp_client_2 - Epoch 2/3 completed. Average Loss: 0.6537
2025-06-23 06:07:53,003 [INFO] src.federated.client: Client classical_mlp_client_2 - Epoch 3/3 completed. Average Loss: 0.6103
2025-06-23 06:07:53,003 [INFO] src.federated.client: Client classical_mlp_client_2: Local training finished. Processed 273 samples.
2025-06-23 06:07:53,003 [INFO] src.federated.server: Aggregating updates from 3 clients using FedDive.
2025-06-23 06:07:53,003 [INFO] src.federated.aggregation: FedDive: Aggregating updates from 3 clients (momentum=0.9).
2025-06-23 06:07:53,003 [INFO] src.federated.aggregation: FedDive: Initializing velocity and previous parameters.
2025-06-23 06:07:53,006 [INFO] src.federated.aggregation: FedDive: Aggregation complete.
2025-06-23 06:07:53,006 [INFO] src.federated.server: Global model updated with aggregated parameters.
2025-06-23 06:07:53,006 [INFO] src.federated.server: Evaluating updated global model...
2025-06-23 06:07:53,008 [INFO] src.federated.server: Round 1 completed in 0.07s. Eval Metrics: {'loss': 0.5971572995185852, 'accuracy': 0.8596491228070176}
2025-06-23 06:07:53,008 [INFO] src.federated.server: ===== Starting Round 2/5 =====
2025-06-23 06:07:53,008 [INFO] src.federated.server: Starting federated training round...
2025-06-23 06:07:53,008 [INFO] src.federated.server: Selected 3 clients out of 5 available (fraction=0.1, min_clients=3): ['classical_mlp_client_2', 'classical_mlp_client_1', 'classical_mlp_client_0']
2025-06-23 06:07:53,009 [INFO] src.federated.client: Client classical_mlp_client_2: Starting local training for 3 epochs. Proximal term mu=0.0.
2025-06-23 06:07:53,016 [INFO] src.federated.client: Client classical_mlp_client_2 - Epoch 1/3 completed. Average Loss: 0.5685
2025-06-23 06:07:53,022 [INFO] src.federated.client: Client classical_mlp_client_2 - Epoch 2/3 completed. Average Loss: 0.5221
2025-06-23 06:07:53,029 [INFO] src.federated.client: Client classical_mlp_client_2 - Epoch 3/3 completed. Average Loss: 0.4743
2025-06-23 06:07:53,030 [INFO] src.federated.client: Client classical_mlp_client_2: Local training finished. Processed 273 samples.
2025-06-23 06:07:53,030 [INFO] src.federated.client: Client classical_mlp_client_1: Starting local training for 3 epochs. Proximal term mu=0.0.
2025-06-23 06:07:53,037 [INFO] src.federated.client: Client classical_mlp_client_1 - Epoch 1/3 completed. Average Loss: 0.5848
2025-06-23 06:07:53,044 [INFO] src.federated.client: Client classical_mlp_client_1 - Epoch 2/3 completed. Average Loss: 0.5365
2025-06-23 06:07:53,051 [INFO] src.federated.client: Client classical_mlp_client_1 - Epoch 3/3 completed. Average Loss: 0.4899
2025-06-23 06:07:53,051 [INFO] src.federated.client: Client classical_mlp_client_1: Local training finished. Processed 273 samples.
2025-06-23 06:07:53,052 [INFO] src.federated.client: Client classical_mlp_client_0: Starting local training for 3 epochs. Proximal term mu=0.0.
2025-06-23 06:07:53,060 [INFO] src.federated.client: Client classical_mlp_client_0 - Epoch 1/3 completed. Average Loss: 0.5786
2025-06-23 06:07:53,066 [INFO] src.federated.client: Client classical_mlp_client_0 - Epoch 2/3 completed. Average Loss: 0.5364
2025-06-23 06:07:53,073 [INFO] src.federated.client: Client classical_mlp_client_0 - Epoch 3/3 completed. Average Loss: 0.4914
2025-06-23 06:07:53,073 [INFO] src.federated.client: Client classical_mlp_client_0: Local training finished. Processed 273 samples.
2025-06-23 06:07:53,074 [INFO] src.federated.server: Aggregating updates from 3 clients using FedDive.
2025-06-23 06:07:53,074 [INFO] src.federated.aggregation: FedDive: Aggregating updates from 3 clients (momentum=0.9).
2025-06-23 06:07:53,075 [INFO] src.federated.aggregation: FedDive: Aggregation complete.
2025-06-23 06:07:53,075 [INFO] src.federated.server: Global model updated with aggregated parameters.
2025-06-23 06:07:53,075 [INFO] src.federated.server: Evaluating updated global model...
2025-06-23 06:07:53,077 [INFO] src.federated.server: Round 2 completed in 0.07s. Eval Metrics: {'loss': 0.47280073165893555, 'accuracy': 0.9385964912280702}
2025-06-23 06:07:53,077 [INFO] src.federated.server: ===== Starting Round 3/5 =====
2025-06-23 06:07:53,077 [INFO] src.federated.server: Starting federated training round...
2025-06-23 06:07:53,077 [INFO] src.federated.server: Selected 3 clients out of 5 available (fraction=0.1, min_clients=3): ['classical_mlp_client_1', 'classical_mlp_client_0', 'classical_mlp_client_2']
2025-06-23 06:07:53,078 [INFO] src.federated.client: Client classical_mlp_client_1: Starting local training for 3 epochs. Proximal term mu=0.0.
2025-06-23 06:07:53,085 [INFO] src.federated.client: Client classical_mlp_client_1 - Epoch 1/3 completed. Average Loss: 0.4466
2025-06-23 06:07:53,092 [INFO] src.federated.client: Client classical_mlp_client_1 - Epoch 2/3 completed. Average Loss: 0.3979
2025-06-23 06:07:53,099 [INFO] src.federated.client: Client classical_mlp_client_1 - Epoch 3/3 completed. Average Loss: 0.3495
2025-06-23 06:07:53,099 [INFO] src.federated.client: Client classical_mlp_client_1: Local training finished. Processed 273 samples.
2025-06-23 06:07:53,100 [INFO] src.federated.client: Client classical_mlp_client_0: Starting local training for 3 epochs. Proximal term mu=0.0.
2025-06-23 06:07:53,106 [INFO] src.federated.client: Client classical_mlp_client_0 - Epoch 1/3 completed. Average Loss: 0.4463
2025-06-23 06:07:53,113 [INFO] src.federated.client: Client classical_mlp_client_0 - Epoch 2/3 completed. Average Loss: 0.3978
2025-06-23 06:07:53,121 [INFO] src.federated.client: Client classical_mlp_client_0 - Epoch 3/3 completed. Average Loss: 0.3504
2025-06-23 06:07:53,122 [INFO] src.federated.client: Client classical_mlp_client_0: Local training finished. Processed 273 samples.
2025-06-23 06:07:53,122 [INFO] src.federated.client: Client classical_mlp_client_2: Starting local training for 3 epochs. Proximal term mu=0.0.
2025-06-23 06:07:53,129 [INFO] src.federated.client: Client classical_mlp_client_2 - Epoch 1/3 completed. Average Loss: 0.4221
2025-06-23 06:07:53,135 [INFO] src.federated.client: Client classical_mlp_client_2 - Epoch 2/3 completed. Average Loss: 0.3700
2025-06-23 06:07:53,141 [INFO] src.federated.client: Client classical_mlp_client_2 - Epoch 3/3 completed. Average Loss: 0.3200
2025-06-23 06:07:53,142 [INFO] src.federated.client: Client classical_mlp_client_2: Local training finished. Processed 273 samples.
2025-06-23 06:07:53,142 [INFO] src.federated.server: Aggregating updates from 3 clients using FedDive.
2025-06-23 06:07:53,142 [INFO] src.federated.aggregation: FedDive: Aggregating updates from 3 clients (momentum=0.9).
2025-06-23 06:07:53,143 [INFO] src.federated.aggregation: FedDive: Aggregation complete.
2025-06-23 06:07:53,144 [INFO] src.federated.server: Global model updated with aggregated parameters.
2025-06-23 06:07:53,144 [INFO] src.federated.server: Evaluating updated global model...
2025-06-23 06:07:53,146 [INFO] src.federated.server: Round 3 completed in 0.07s. Eval Metrics: {'loss': 0.3371048867702484, 'accuracy': 0.9473684210526315}
2025-06-23 06:07:53,146 [INFO] src.federated.server: ===== Starting Round 4/5 =====
2025-06-23 06:07:53,146 [INFO] src.federated.server: Starting federated training round...
2025-06-23 06:07:53,146 [INFO] src.federated.server: Selected 3 clients out of 5 available (fraction=0.1, min_clients=3): ['classical_mlp_client_4', 'classical_mlp_client_0', 'classical_mlp_client_2']
2025-06-23 06:07:53,147 [INFO] src.federated.client: Client classical_mlp_client_4: Starting local training for 3 epochs. Proximal term mu=0.0.
2025-06-23 06:07:53,154 [INFO] src.federated.client: Client classical_mlp_client_4 - Epoch 1/3 completed. Average Loss: 0.2796
2025-06-23 06:07:53,161 [INFO] src.federated.client: Client classical_mlp_client_4 - Epoch 2/3 completed. Average Loss: 0.2381
2025-06-23 06:07:53,166 [INFO] src.federated.client: Client classical_mlp_client_4 - Epoch 3/3 completed. Average Loss: 0.1997
2025-06-23 06:07:53,167 [INFO] src.federated.client: Client classical_mlp_client_4: Local training finished. Processed 273 samples.
2025-06-23 06:07:53,167 [INFO] src.federated.client: Client classical_mlp_client_0: Starting local training for 3 epochs. Proximal term mu=0.0.
2025-06-23 06:07:53,177 [INFO] src.federated.client: Client classical_mlp_client_0 - Epoch 1/3 completed. Average Loss: 0.3068
2025-06-23 06:07:53,183 [INFO] src.federated.client: Client classical_mlp_client_0 - Epoch 2/3 completed. Average Loss: 0.2645
2025-06-23 06:07:53,189 [INFO] src.federated.client: Client classical_mlp_client_0 - Epoch 3/3 completed. Average Loss: 0.2277
2025-06-23 06:07:53,190 [INFO] src.federated.client: Client classical_mlp_client_0: Local training finished. Processed 273 samples.
2025-06-23 06:07:53,190 [INFO] src.federated.client: Client classical_mlp_client_2: Starting local training for 3 epochs. Proximal term mu=0.0.
2025-06-23 06:07:53,196 [INFO] src.federated.client: Client classical_mlp_client_2 - Epoch 1/3 completed. Average Loss: 0.2742
2025-06-23 06:07:53,203 [INFO] src.federated.client: Client classical_mlp_client_2 - Epoch 2/3 completed. Average Loss: 0.2302
2025-06-23 06:07:53,209 [INFO] src.federated.client: Client classical_mlp_client_2 - Epoch 3/3 completed. Average Loss: 0.1936
2025-06-23 06:07:53,210 [INFO] src.federated.client: Client classical_mlp_client_2: Local training finished. Processed 273 samples.
2025-06-23 06:07:53,210 [INFO] src.federated.server: Aggregating updates from 3 clients using FedDive.
2025-06-23 06:07:53,210 [INFO] src.federated.aggregation: FedDive: Aggregating updates from 3 clients (momentum=0.9).
2025-06-23 06:07:53,211 [INFO] src.federated.aggregation: FedDive: Aggregation complete.
2025-06-23 06:07:53,211 [INFO] src.federated.server: Global model updated with aggregated parameters.
2025-06-23 06:07:53,211 [INFO] src.federated.server: Evaluating updated global model...
2025-06-23 06:07:53,213 [INFO] src.federated.server: Round 4 completed in 0.07s. Eval Metrics: {'loss': 0.22923533618450165, 'accuracy': 0.956140350877193}
2025-06-23 06:07:53,213 [INFO] src.federated.server: ===== Starting Round 5/5 =====
2025-06-23 06:07:53,213 [INFO] src.federated.server: Starting federated training round...
2025-06-23 06:07:53,213 [INFO] src.federated.server: Selected 3 clients out of 5 available (fraction=0.1, min_clients=3): ['classical_mlp_client_3', 'classical_mlp_client_0', 'classical_mlp_client_4']
2025-06-23 06:07:53,214 [INFO] src.federated.client: Client classical_mlp_client_3: Starting local training for 3 epochs. Proximal term mu=0.0.
2025-06-23 06:07:53,221 [INFO] src.federated.client: Client classical_mlp_client_3 - Epoch 1/3 completed. Average Loss: 0.2414
2025-06-23 06:07:53,227 [INFO] src.federated.client: Client classical_mlp_client_3 - Epoch 2/3 completed. Average Loss: 0.2099
2025-06-23 06:07:53,233 [INFO] src.federated.client: Client classical_mlp_client_3 - Epoch 3/3 completed. Average Loss: 0.1876
2025-06-23 06:07:53,234 [INFO] src.federated.client: Client classical_mlp_client_3: Local training finished. Processed 273 samples.
2025-06-23 06:07:53,235 [INFO] src.federated.client: Client classical_mlp_client_0: Starting local training for 3 epochs. Proximal term mu=0.0.
2025-06-23 06:07:53,242 [INFO] src.federated.client: Client classical_mlp_client_0 - Epoch 1/3 completed. Average Loss: 0.1990
2025-06-23 06:07:53,248 [INFO] src.federated.client: Client classical_mlp_client_0 - Epoch 2/3 completed. Average Loss: 0.1722
2025-06-23 06:07:53,253 [INFO] src.federated.client: Client classical_mlp_client_0 - Epoch 3/3 completed. Average Loss: 0.1490
2025-06-23 06:07:53,254 [INFO] src.federated.client: Client classical_mlp_client_0: Local training finished. Processed 273 samples.
2025-06-23 06:07:53,254 [INFO] src.federated.client: Client classical_mlp_client_4: Starting local training for 3 epochs. Proximal term mu=0.0.
2025-06-23 06:07:53,261 [INFO] src.federated.client: Client classical_mlp_client_4 - Epoch 1/3 completed. Average Loss: 0.1605
2025-06-23 06:07:53,268 [INFO] src.federated.client: Client classical_mlp_client_4 - Epoch 2/3 completed. Average Loss: 0.1323
2025-06-23 06:07:53,275 [INFO] src.federated.client: Client classical_mlp_client_4 - Epoch 3/3 completed. Average Loss: 0.1074
2025-06-23 06:07:53,275 [INFO] src.federated.client: Client classical_mlp_client_4: Local training finished. Processed 273 samples.
2025-06-23 06:07:53,275 [INFO] src.federated.server: Aggregating updates from 3 clients using FedDive.
2025-06-23 06:07:53,276 [INFO] src.federated.aggregation: FedDive: Aggregating updates from 3 clients (momentum=0.9).
2025-06-23 06:07:53,277 [INFO] src.federated.aggregation: FedDive: Aggregation complete.
2025-06-23 06:07:53,277 [INFO] src.federated.server: Global model updated with aggregated parameters.
2025-06-23 06:07:53,278 [INFO] src.federated.server: Evaluating updated global model...
2025-06-23 06:07:53,279 [INFO] src.federated.server: Round 5 completed in 0.07s. Eval Metrics: {'loss': 0.16557800769805908, 'accuracy': 0.956140350877193}
2025-06-23 06:07:53,280 [INFO] src.federated.server: Federated training process completed after 5 rounds.
2025-06-23 06:07:53,280 [INFO] BC_ExperimentRunner: ========== Finished BC_MLP_FedDive_IID_FullFeat ==========

2025-06-23 06:07:53,280 [INFO] BC_ExperimentRunner: ========== Starting BC_MLP_FedDive_NonIID_a0.3_FullFeat ==========
2025-06-23 06:07:53,280 [INFO] BC_ExperimentRunner: --- Setting up experiment: BC_MLP_FedDive_NonIID_a0.3_FullFeat for dataset breast_cancer ---
2025-06-23 06:07:53,280 [INFO] src.utils.data_utils: Set all random seeds to 42
2025-06-23 06:07:53,280 [INFO] BC_ExperimentRunner: Experiment 'BC_MLP_FedDive_NonIID_a0.3_FullFeat' will use tensor_dtype: torch.float32
2025-06-23 06:07:53,280 [INFO] src.utils.data_utils: Loading dataset: breast_cancer, PCA features=None, Scaling=standard, Subset size=None, Dtype=torch.float32
2025-06-23 06:07:53,280 [INFO] src.utils.data_utils: Set all random seeds to 42
2025-06-23 06:07:53,286 [INFO] src.utils.data_utils: Data preparation complete for 'breast_cancer'. Train size: 455, Test size: 114, Features: 30, Classes: 2
2025-06-23 06:07:53,289 [INFO] BC_ExperimentRunner: Successfully loaded configuration from /home/dhanraj/quantum_federated_simulator/configs/federated/server_config.yaml
2025-06-23 06:07:53,291 [INFO] BC_ExperimentRunner: Successfully loaded configuration from /home/dhanraj/quantum_federated_simulator/configs/federated/client_config.yaml
2025-06-23 06:07:53,293 [INFO] BC_ExperimentRunner: Successfully loaded configuration from /home/dhanraj/quantum_federated_simulator/configs/federated/default_aggregation.yaml
2025-06-23 06:07:53,293 [INFO] BC_ExperimentRunner: Creating model of type: classical_mlp with n_features=30, n_classes=2, initial_dtype_request=torch.float32
2025-06-23 06:07:53,294 [INFO] BC_ExperimentRunner: Model 'classical_mlp' parameters set to dtype: torch.float32
2025-06-23 06:07:53,294 [INFO] src.federated.aggregation: Creating aggregation strategy of type: feddive
2025-06-23 06:07:53,294 [INFO] src.federated.aggregation: FedDive parameters: momentum=0.9, epsilon=1e-08, temperature=1.0, normalize_distances=True
2025-06-23 06:07:53,294 [INFO] BC_ExperimentRunner: Using aggregation strategy: FedDive (base: FedDive)
2025-06-23 06:07:53,295 [INFO] src.federated.server: Federated server initialized on device 'cuda' with aggregation strategy: FedDive
2025-06-23 06:07:53,295 [INFO] BC_ExperimentRunner: Creating model of type: classical_mlp with n_features=30, n_classes=2, initial_dtype_request=torch.float32
2025-06-23 06:07:53,295 [INFO] BC_ExperimentRunner: Model 'classical_mlp' parameters set to dtype: torch.float32
2025-06-23 06:07:53,296 [INFO] src.federated.client: Client classical_mlp_client_0 initialized on device 'cuda' with 11 samples.
2025-06-23 06:07:53,296 [INFO] BC_ExperimentRunner: Creating model of type: classical_mlp with n_features=30, n_classes=2, initial_dtype_request=torch.float32
2025-06-23 06:07:53,296 [INFO] BC_ExperimentRunner: Model 'classical_mlp' parameters set to dtype: torch.float32
2025-06-23 06:07:53,297 [INFO] src.federated.client: Client classical_mlp_client_1 initialized on device 'cuda' with 357 samples.
2025-06-23 06:07:53,297 [INFO] BC_ExperimentRunner: Creating model of type: classical_mlp with n_features=30, n_classes=2, initial_dtype_request=torch.float32
2025-06-23 06:07:53,297 [INFO] BC_ExperimentRunner: Model 'classical_mlp' parameters set to dtype: torch.float32
2025-06-23 06:07:53,298 [INFO] src.federated.client: Client classical_mlp_client_2 initialized on device 'cuda' with 2 samples.
2025-06-23 06:07:53,298 [INFO] BC_ExperimentRunner: Creating model of type: classical_mlp with n_features=30, n_classes=2, initial_dtype_request=torch.float32
2025-06-23 06:07:53,298 [INFO] BC_ExperimentRunner: Model 'classical_mlp' parameters set to dtype: torch.float32
2025-06-23 06:07:53,299 [INFO] src.federated.client: Client classical_mlp_client_3 initialized on device 'cuda' with 7 samples.
2025-06-23 06:07:53,299 [INFO] BC_ExperimentRunner: Creating model of type: classical_mlp with n_features=30, n_classes=2, initial_dtype_request=torch.float32
2025-06-23 06:07:53,299 [INFO] BC_ExperimentRunner: Model 'classical_mlp' parameters set to dtype: torch.float32
2025-06-23 06:07:53,300 [INFO] src.federated.client: Client classical_mlp_client_4 initialized on device 'cuda' with 78 samples.
2025-06-23 06:07:53,300 [INFO] src.federated.server: Registered client 'classical_mlp_client_0'. Total clients: 1.
2025-06-23 06:07:53,300 [INFO] src.federated.server: Registered client 'classical_mlp_client_1'. Total clients: 2.
2025-06-23 06:07:53,300 [INFO] src.federated.server: Registered client 'classical_mlp_client_2'. Total clients: 3.
2025-06-23 06:07:53,300 [INFO] src.federated.server: Registered client 'classical_mlp_client_3'. Total clients: 4.
2025-06-23 06:07:53,300 [INFO] src.federated.server: Registered client 'classical_mlp_client_4'. Total clients: 5.
2025-06-23 06:07:53,300 [INFO] BC_ExperimentRunner: --- Scenario setup complete for BC_MLP_FedDive_NonIID_a0.3_FullFeat ---
2025-06-23 06:07:53,300 [INFO] src.federated.server: Starting federated training process for 5 rounds.
2025-06-23 06:07:53,300 [INFO] src.federated.server: Config: local_epochs=3, client_fraction=0.1, min_clients=3, FedProx mu=0.0
2025-06-23 06:07:53,301 [INFO] src.federated.server: Performing initial evaluation of global model...
2025-06-23 06:07:53,303 [INFO] src.federated.server: Initial Evaluation Metrics: {'loss': 0.7107932567596436, 'accuracy': 0.40350877192982454}
2025-06-23 06:07:53,303 [INFO] src.federated.server: ===== Starting Round 1/5 =====
2025-06-23 06:07:53,303 [INFO] src.federated.server: Starting federated training round...
2025-06-23 06:07:53,303 [INFO] src.federated.server: Selected 3 clients out of 5 available (fraction=0.1, min_clients=3): ['classical_mlp_client_1', 'classical_mlp_client_4', 'classical_mlp_client_3']
2025-06-23 06:07:53,304 [INFO] src.federated.client: Client classical_mlp_client_1: Starting local training for 3 epochs. Proximal term mu=0.0.
2025-06-23 06:07:53,332 [INFO] src.federated.client: Client classical_mlp_client_1 - Epoch 1/3 completed. Average Loss: 0.6472
2025-06-23 06:07:53,354 [INFO] src.federated.client: Client classical_mlp_client_1 - Epoch 2/3 completed. Average Loss: 0.5018
2025-06-23 06:07:53,377 [INFO] src.federated.client: Client classical_mlp_client_1 - Epoch 3/3 completed. Average Loss: 0.3288
2025-06-23 06:07:53,378 [INFO] src.federated.client: Client classical_mlp_client_1: Local training finished. Processed 1071 samples.
2025-06-23 06:07:53,378 [INFO] src.federated.client: Client classical_mlp_client_4: Starting local training for 3 epochs. Proximal term mu=0.0.
2025-06-23 06:07:53,384 [INFO] src.federated.client: Client classical_mlp_client_4 - Epoch 1/3 completed. Average Loss: 0.7094
2025-06-23 06:07:53,390 [INFO] src.federated.client: Client classical_mlp_client_4 - Epoch 2/3 completed. Average Loss: 0.6597
2025-06-23 06:07:53,397 [INFO] src.federated.client: Client classical_mlp_client_4 - Epoch 3/3 completed. Average Loss: 0.6198
2025-06-23 06:07:53,398 [INFO] src.federated.client: Client classical_mlp_client_4: Local training finished. Processed 234 samples.
2025-06-23 06:07:53,399 [INFO] src.federated.client: Client classical_mlp_client_3: Starting local training for 3 epochs. Proximal term mu=0.0.
2025-06-23 06:07:53,402 [INFO] src.federated.client: Client classical_mlp_client_3 - Epoch 1/3 completed. Average Loss: 0.6567
2025-06-23 06:07:53,404 [INFO] src.federated.client: Client classical_mlp_client_3 - Epoch 2/3 completed. Average Loss: 0.6351
2025-06-23 06:07:53,407 [INFO] src.federated.client: Client classical_mlp_client_3 - Epoch 3/3 completed. Average Loss: 0.6149
2025-06-23 06:07:53,407 [INFO] src.federated.client: Client classical_mlp_client_3: Local training finished. Processed 21 samples.
2025-06-23 06:07:53,407 [INFO] src.federated.server: Aggregating updates from 3 clients using FedDive.
2025-06-23 06:07:53,407 [INFO] src.federated.aggregation: FedDive: Aggregating updates from 3 clients (momentum=0.9).
2025-06-23 06:07:53,408 [INFO] src.federated.aggregation: FedDive: Initializing velocity and previous parameters.
2025-06-23 06:07:53,408 [INFO] src.federated.aggregation: FedDive: Aggregation complete.
2025-06-23 06:07:53,409 [INFO] src.federated.server: Global model updated with aggregated parameters.
2025-06-23 06:07:53,409 [INFO] src.federated.server: Evaluating updated global model...
2025-06-23 06:07:53,412 [INFO] src.federated.server: Round 1 completed in 0.11s. Eval Metrics: {'loss': 0.33950769901275635, 'accuracy': 0.9385964912280702}
2025-06-23 06:07:53,412 [INFO] src.federated.server: ===== Starting Round 2/5 =====
2025-06-23 06:07:53,412 [INFO] src.federated.server: Starting federated training round...
2025-06-23 06:07:53,412 [INFO] src.federated.server: Selected 3 clients out of 5 available (fraction=0.1, min_clients=3): ['classical_mlp_client_2', 'classical_mlp_client_4', 'classical_mlp_client_0']
2025-06-23 06:07:53,413 [INFO] src.federated.client: Client classical_mlp_client_2: Starting local training for 3 epochs. Proximal term mu=0.0.
2025-06-23 06:07:53,415 [INFO] src.federated.client: Client classical_mlp_client_2 - Epoch 1/3 completed. Average Loss: 0.6618
2025-06-23 06:07:53,417 [INFO] src.federated.client: Client classical_mlp_client_2 - Epoch 2/3 completed. Average Loss: 0.6395
2025-06-23 06:07:53,419 [INFO] src.federated.client: Client classical_mlp_client_2 - Epoch 3/3 completed. Average Loss: 0.6180
2025-06-23 06:07:53,420 [INFO] src.federated.client: Client classical_mlp_client_2: Local training finished. Processed 6 samples.
2025-06-23 06:07:53,421 [INFO] src.federated.client: Client classical_mlp_client_4: Starting local training for 3 epochs. Proximal term mu=0.0.
2025-06-23 06:07:53,427 [INFO] src.federated.client: Client classical_mlp_client_4 - Epoch 1/3 completed. Average Loss: 0.3739
2025-06-23 06:07:53,433 [INFO] src.federated.client: Client classical_mlp_client_4 - Epoch 2/3 completed. Average Loss: 0.3373
2025-06-23 06:07:53,441 [INFO] src.federated.client: Client classical_mlp_client_4 - Epoch 3/3 completed. Average Loss: 0.3001
2025-06-23 06:07:53,441 [INFO] src.federated.client: Client classical_mlp_client_4: Local training finished. Processed 234 samples.
2025-06-23 06:07:53,442 [INFO] src.federated.client: Client classical_mlp_client_0: Starting local training for 3 epochs. Proximal term mu=0.0.
2025-06-23 06:07:53,444 [INFO] src.federated.client: Client classical_mlp_client_0 - Epoch 1/3 completed. Average Loss: 0.3387
2025-06-23 06:07:53,447 [INFO] src.federated.client: Client classical_mlp_client_0 - Epoch 2/3 completed. Average Loss: 0.3106
2025-06-23 06:07:53,449 [INFO] src.federated.client: Client classical_mlp_client_0 - Epoch 3/3 completed. Average Loss: 0.2853
2025-06-23 06:07:53,450 [INFO] src.federated.client: Client classical_mlp_client_0: Local training finished. Processed 33 samples.
2025-06-23 06:07:53,450 [INFO] src.federated.server: Aggregating updates from 3 clients using FedDive.
2025-06-23 06:07:53,450 [INFO] src.federated.aggregation: FedDive: Aggregating updates from 3 clients (momentum=0.9).
2025-06-23 06:07:53,451 [INFO] src.federated.aggregation: FedDive: Aggregation complete.
2025-06-23 06:07:53,452 [INFO] src.federated.server: Global model updated with aggregated parameters.
2025-06-23 06:07:53,452 [INFO] src.federated.server: Evaluating updated global model...
2025-06-23 06:07:53,454 [INFO] src.federated.server: Round 2 completed in 0.04s. Eval Metrics: {'loss': 0.29483333230018616, 'accuracy': 0.9210526315789473}
2025-06-23 06:07:53,454 [INFO] src.federated.server: ===== Starting Round 3/5 =====
2025-06-23 06:07:53,454 [INFO] src.federated.server: Starting federated training round...
2025-06-23 06:07:53,454 [INFO] src.federated.server: Selected 3 clients out of 5 available (fraction=0.1, min_clients=3): ['classical_mlp_client_1', 'classical_mlp_client_0', 'classical_mlp_client_2']
2025-06-23 06:07:53,456 [INFO] src.federated.client: Client classical_mlp_client_1: Starting local training for 3 epochs. Proximal term mu=0.0.
2025-06-23 06:07:53,480 [INFO] src.federated.client: Client classical_mlp_client_1 - Epoch 1/3 completed. Average Loss: 0.2129
2025-06-23 06:07:53,503 [INFO] src.federated.client: Client classical_mlp_client_1 - Epoch 2/3 completed. Average Loss: 0.1282
2025-06-23 06:07:53,525 [INFO] src.federated.client: Client classical_mlp_client_1 - Epoch 3/3 completed. Average Loss: 0.0938
2025-06-23 06:07:53,525 [INFO] src.federated.client: Client classical_mlp_client_1: Local training finished. Processed 1071 samples.
2025-06-23 06:07:53,526 [INFO] src.federated.client: Client classical_mlp_client_0: Starting local training for 3 epochs. Proximal term mu=0.0.
2025-06-23 06:07:53,528 [INFO] src.federated.client: Client classical_mlp_client_0 - Epoch 1/3 completed. Average Loss: 0.2097
2025-06-23 06:07:53,530 [INFO] src.federated.client: Client classical_mlp_client_0 - Epoch 2/3 completed. Average Loss: 0.1919
2025-06-23 06:07:53,531 [INFO] src.federated.client: Client classical_mlp_client_0 - Epoch 3/3 completed. Average Loss: 0.1761
2025-06-23 06:07:53,532 [INFO] src.federated.client: Client classical_mlp_client_0: Local training finished. Processed 33 samples.
2025-06-23 06:07:53,532 [INFO] src.federated.client: Client classical_mlp_client_2: Starting local training for 3 epochs. Proximal term mu=0.0.
2025-06-23 06:07:53,534 [INFO] src.federated.client: Client classical_mlp_client_2 - Epoch 1/3 completed. Average Loss: 0.7098
2025-06-23 06:07:53,536 [INFO] src.federated.client: Client classical_mlp_client_2 - Epoch 2/3 completed. Average Loss: 0.6856
2025-06-23 06:07:53,537 [INFO] src.federated.client: Client classical_mlp_client_2 - Epoch 3/3 completed. Average Loss: 0.6612
2025-06-23 06:07:53,538 [INFO] src.federated.client: Client classical_mlp_client_2: Local training finished. Processed 6 samples.
2025-06-23 06:07:53,538 [INFO] src.federated.server: Aggregating updates from 3 clients using FedDive.
2025-06-23 06:07:53,538 [INFO] src.federated.aggregation: FedDive: Aggregating updates from 3 clients (momentum=0.9).
2025-06-23 06:07:53,539 [INFO] src.federated.aggregation: FedDive: Aggregation complete.
2025-06-23 06:07:53,540 [INFO] src.federated.server: Global model updated with aggregated parameters.
2025-06-23 06:07:53,540 [INFO] src.federated.server: Evaluating updated global model...
2025-06-23 06:07:53,541 [INFO] src.federated.server: Round 3 completed in 0.09s. Eval Metrics: {'loss': 0.12787452340126038, 'accuracy': 0.956140350877193}
2025-06-23 06:07:53,542 [INFO] src.federated.server: ===== Starting Round 4/5 =====
2025-06-23 06:07:53,542 [INFO] src.federated.server: Starting federated training round...
2025-06-23 06:07:53,542 [INFO] src.federated.server: Selected 3 clients out of 5 available (fraction=0.1, min_clients=3): ['classical_mlp_client_1', 'classical_mlp_client_3', 'classical_mlp_client_4']
2025-06-23 06:07:53,542 [INFO] src.federated.client: Client classical_mlp_client_1: Starting local training for 3 epochs. Proximal term mu=0.0.
2025-06-23 06:07:53,566 [INFO] src.federated.client: Client classical_mlp_client_1 - Epoch 1/3 completed. Average Loss: 0.0909
2025-06-23 06:07:53,590 [INFO] src.federated.client: Client classical_mlp_client_1 - Epoch 2/3 completed. Average Loss: 0.0746
2025-06-23 06:07:53,613 [INFO] src.federated.client: Client classical_mlp_client_1 - Epoch 3/3 completed. Average Loss: 0.0646
2025-06-23 06:07:53,613 [INFO] src.federated.client: Client classical_mlp_client_1: Local training finished. Processed 1071 samples.
2025-06-23 06:07:53,614 [INFO] src.federated.client: Client classical_mlp_client_3: Starting local training for 3 epochs. Proximal term mu=0.0.
2025-06-23 06:07:53,616 [INFO] src.federated.client: Client classical_mlp_client_3 - Epoch 1/3 completed. Average Loss: 0.0430
2025-06-23 06:07:53,618 [INFO] src.federated.client: Client classical_mlp_client_3 - Epoch 2/3 completed. Average Loss: 0.0354
2025-06-23 06:07:53,619 [INFO] src.federated.client: Client classical_mlp_client_3 - Epoch 3/3 completed. Average Loss: 0.0290
2025-06-23 06:07:53,620 [INFO] src.federated.client: Client classical_mlp_client_3: Local training finished. Processed 21 samples.
2025-06-23 06:07:53,620 [INFO] src.federated.client: Client classical_mlp_client_4: Starting local training for 3 epochs. Proximal term mu=0.0.
2025-06-23 06:07:53,627 [INFO] src.federated.client: Client classical_mlp_client_4 - Epoch 1/3 completed. Average Loss: 0.1803
2025-06-23 06:07:53,633 [INFO] src.federated.client: Client classical_mlp_client_4 - Epoch 2/3 completed. Average Loss: 0.1572
2025-06-23 06:07:53,640 [INFO] src.federated.client: Client classical_mlp_client_4 - Epoch 3/3 completed. Average Loss: 0.1356
2025-06-23 06:07:53,640 [INFO] src.federated.client: Client classical_mlp_client_4: Local training finished. Processed 234 samples.
2025-06-23 06:07:53,640 [INFO] src.federated.server: Aggregating updates from 3 clients using FedDive.
2025-06-23 06:07:53,640 [INFO] src.federated.aggregation: FedDive: Aggregating updates from 3 clients (momentum=0.9).
2025-06-23 06:07:53,641 [INFO] src.federated.aggregation: FedDive: Aggregation complete.
2025-06-23 06:07:53,642 [INFO] src.federated.server: Global model updated with aggregated parameters.
2025-06-23 06:07:53,642 [INFO] src.federated.server: Evaluating updated global model...
2025-06-23 06:07:53,643 [INFO] src.federated.server: Round 4 completed in 0.10s. Eval Metrics: {'loss': 0.09547439217567444, 'accuracy': 0.9649122807017544}
2025-06-23 06:07:53,644 [INFO] src.federated.server: ===== Starting Round 5/5 =====
2025-06-23 06:07:53,644 [INFO] src.federated.server: Starting federated training round...
2025-06-23 06:07:53,644 [INFO] src.federated.server: Selected 3 clients out of 5 available (fraction=0.1, min_clients=3): ['classical_mlp_client_2', 'classical_mlp_client_0', 'classical_mlp_client_1']
2025-06-23 06:07:53,644 [INFO] src.federated.client: Client classical_mlp_client_2: Starting local training for 3 epochs. Proximal term mu=0.0.
2025-06-23 06:07:53,647 [INFO] src.federated.client: Client classical_mlp_client_2 - Epoch 1/3 completed. Average Loss: 0.5212
2025-06-23 06:07:53,649 [INFO] src.federated.client: Client classical_mlp_client_2 - Epoch 2/3 completed. Average Loss: 0.4685
2025-06-23 06:07:53,651 [INFO] src.federated.client: Client classical_mlp_client_2 - Epoch 3/3 completed. Average Loss: 0.4172
2025-06-23 06:07:53,652 [INFO] src.federated.client: Client classical_mlp_client_2: Local training finished. Processed 6 samples.
2025-06-23 06:07:53,652 [INFO] src.federated.client: Client classical_mlp_client_0: Starting local training for 3 epochs. Proximal term mu=0.0.
2025-06-23 06:07:53,654 [INFO] src.federated.client: Client classical_mlp_client_0 - Epoch 1/3 completed. Average Loss: 0.0737
2025-06-23 06:07:53,656 [INFO] src.federated.client: Client classical_mlp_client_0 - Epoch 2/3 completed. Average Loss: 0.0595
2025-06-23 06:07:53,658 [INFO] src.federated.client: Client classical_mlp_client_0 - Epoch 3/3 completed. Average Loss: 0.0476
2025-06-23 06:07:53,659 [INFO] src.federated.client: Client classical_mlp_client_0: Local training finished. Processed 33 samples.
2025-06-23 06:07:53,660 [INFO] src.federated.client: Client classical_mlp_client_1: Starting local training for 3 epochs. Proximal term mu=0.0.
2025-06-23 06:07:53,684 [INFO] src.federated.client: Client classical_mlp_client_1 - Epoch 1/3 completed. Average Loss: 0.0611
2025-06-23 06:07:53,711 [INFO] src.federated.client: Client classical_mlp_client_1 - Epoch 2/3 completed. Average Loss: 0.0560
2025-06-23 06:07:53,732 [INFO] src.federated.client: Client classical_mlp_client_1 - Epoch 3/3 completed. Average Loss: 0.0498
2025-06-23 06:07:53,732 [INFO] src.federated.client: Client classical_mlp_client_1: Local training finished. Processed 1071 samples.
2025-06-23 06:07:53,733 [INFO] src.federated.server: Aggregating updates from 3 clients using FedDive.
2025-06-23 06:07:53,733 [INFO] src.federated.aggregation: FedDive: Aggregating updates from 3 clients (momentum=0.9).
2025-06-23 06:07:53,734 [INFO] src.federated.aggregation: FedDive: Aggregation complete.
2025-06-23 06:07:53,734 [INFO] src.federated.server: Global model updated with aggregated parameters.
2025-06-23 06:07:53,734 [INFO] src.federated.server: Evaluating updated global model...
2025-06-23 06:07:53,736 [INFO] src.federated.server: Round 5 completed in 0.09s. Eval Metrics: {'loss': 0.08516411483287811, 'accuracy': 0.956140350877193}
2025-06-23 06:07:53,736 [INFO] src.federated.server: Federated training process completed after 5 rounds.
2025-06-23 06:07:53,736 [INFO] BC_ExperimentRunner: ========== Finished BC_MLP_FedDive_NonIID_a0.3_FullFeat ==========

2025-06-23 06:07:53,736 [INFO] BC_ExperimentRunner: ========== Starting VQC_Analysis_FedAvg_NonIID_Complex ==========
2025-06-23 06:07:53,736 [INFO] BC_ExperimentRunner: --- Setting up experiment: VQC_Analysis_FedAvg_NonIID_Complex for dataset breast_cancer ---
2025-06-23 06:07:53,736 [INFO] src.utils.data_utils: Set all random seeds to 42
2025-06-23 06:07:53,736 [INFO] BC_ExperimentRunner: Experiment 'VQC_Analysis_FedAvg_NonIID_Complex' will use tensor_dtype: torch.float32
2025-06-23 06:07:53,736 [INFO] src.utils.data_utils: Loading dataset: breast_cancer, PCA features=4, Scaling=minmax, Subset size=None, Dtype=torch.float32
2025-06-23 06:07:53,737 [INFO] src.utils.data_utils: Set all random seeds to 42
2025-06-23 06:07:53,741 [INFO] src.utils.data_utils: Applying PCA to reduce features to 4
2025-06-23 06:07:53,745 [INFO] src.utils.data_utils: PCA applied. New feature count: 4. Explained variance: 0.8393
2025-06-23 06:07:53,745 [INFO] src.utils.data_utils: Data preparation complete for 'breast_cancer'. Train size: 455, Test size: 114, Features: 4, Classes: 2
2025-06-23 06:07:53,748 [INFO] BC_ExperimentRunner: Successfully loaded configuration from /home/dhanraj/quantum_federated_simulator/configs/federated/server_config.yaml
2025-06-23 06:07:53,749 [INFO] BC_ExperimentRunner: Successfully loaded configuration from /home/dhanraj/quantum_federated_simulator/configs/federated/client_config.yaml
2025-06-23 06:07:53,751 [INFO] BC_ExperimentRunner: Successfully loaded configuration from /home/dhanraj/quantum_federated_simulator/configs/federated/default_aggregation.yaml
2025-06-23 06:07:53,752 [INFO] BC_ExperimentRunner: Creating model of type: vqc with n_features=4, n_classes=2, initial_dtype_request=torch.float32
2025-06-23 06:07:53,752 [INFO] src.quantum.models: Initializing VQC (TorchLayer): qubits=4, layers=2, circuit='complex', device='lightning.qubit', shots=None, diff_method='best'
2025-06-23 06:07:53,790 [INFO] src.quantum.circuits: Creating complex circuit with 4 qubits, 2 layers.
2025-06-23 06:07:53,790 [INFO] src.quantum.circuits: Complex circuit expects 48 trainable parameters.
2025-06-23 06:07:53,790 [INFO] src.quantum.models: VQC circuit requires 48 parameters.
2025-06-23 06:07:53,790 [INFO] src.quantum.models: VariationalQuantumClassifier: Using 'lightning.qubit' with no shots. Defaulting to 'adjoint'.
2025-06-23 06:07:53,790 [INFO] src.quantum.models: VariationalQuantumClassifier attempting to use differentiation method: adjoint
2025-06-23 06:07:53,807 [INFO] src.quantum.models: VQC raw circuit output dimension: 6
2025-06-23 06:07:53,807 [INFO] src.quantum.models: VQC: Added Linear head: 6 -> 2 logits for CrossEntropyLoss.
2025-06-23 06:07:53,807 [INFO] src.federated.aggregation: Creating aggregation strategy of type: fedavg
2025-06-23 06:07:53,807 [INFO] BC_ExperimentRunner: Using aggregation strategy: QuantumAggregationStrategy (base: FedAvg)
2025-06-23 06:07:53,807 [INFO] src.core.quantum_manager: QuantumServer: Initializing with global model type 'vqc'.
2025-06-23 06:07:53,808 [INFO] src.federated.server: Federated server initialized on device 'cuda' with aggregation strategy: QuantumAggregationStrategy
2025-06-23 06:07:53,808 [INFO] BC_ExperimentRunner: Creating model of type: vqc with n_features=4, n_classes=2, initial_dtype_request=torch.float32
2025-06-23 06:07:53,808 [INFO] src.quantum.models: Initializing VQC (TorchLayer): qubits=4, layers=2, circuit='complex', device='lightning.qubit', shots=None, diff_method='best'
2025-06-23 06:07:53,808 [INFO] src.quantum.circuits: Creating complex circuit with 4 qubits, 2 layers.
2025-06-23 06:07:53,808 [INFO] src.quantum.circuits: Complex circuit expects 48 trainable parameters.
2025-06-23 06:07:53,808 [INFO] src.quantum.models: VQC circuit requires 48 parameters.
2025-06-23 06:07:53,809 [INFO] src.quantum.models: VariationalQuantumClassifier: Using 'lightning.qubit' with no shots. Defaulting to 'adjoint'.
2025-06-23 06:07:53,809 [INFO] src.quantum.models: VariationalQuantumClassifier attempting to use differentiation method: adjoint
2025-06-23 06:07:53,815 [INFO] src.quantum.models: VQC raw circuit output dimension: 6
2025-06-23 06:07:53,815 [INFO] src.quantum.models: VQC: Added Linear head: 6 -> 2 logits for CrossEntropyLoss.
2025-06-23 06:07:53,815 [INFO] src.core.quantum_client: QuantumClient vqc_client_0: Initializing with model type 'vqc'.
2025-06-23 06:07:53,816 [INFO] src.federated.client: Client vqc_client_0 initialized on device 'cuda' with 11 samples.
2025-06-23 06:07:53,816 [INFO] BC_ExperimentRunner: Creating model of type: vqc with n_features=4, n_classes=2, initial_dtype_request=torch.float32
2025-06-23 06:07:53,816 [INFO] src.quantum.models: Initializing VQC (TorchLayer): qubits=4, layers=2, circuit='complex', device='lightning.qubit', shots=None, diff_method='best'
2025-06-23 06:07:53,816 [INFO] src.quantum.circuits: Creating complex circuit with 4 qubits, 2 layers.
2025-06-23 06:07:53,816 [INFO] src.quantum.circuits: Complex circuit expects 48 trainable parameters.
2025-06-23 06:07:53,816 [INFO] src.quantum.models: VQC circuit requires 48 parameters.
2025-06-23 06:07:53,816 [INFO] src.quantum.models: VariationalQuantumClassifier: Using 'lightning.qubit' with no shots. Defaulting to 'adjoint'.
2025-06-23 06:07:53,816 [INFO] src.quantum.models: VariationalQuantumClassifier attempting to use differentiation method: adjoint
2025-06-23 06:07:53,824 [INFO] src.quantum.models: VQC raw circuit output dimension: 6
2025-06-23 06:07:53,824 [INFO] src.quantum.models: VQC: Added Linear head: 6 -> 2 logits for CrossEntropyLoss.
2025-06-23 06:07:53,824 [INFO] src.core.quantum_client: QuantumClient vqc_client_1: Initializing with model type 'vqc'.
2025-06-23 06:07:53,825 [INFO] src.federated.client: Client vqc_client_1 initialized on device 'cuda' with 357 samples.
2025-06-23 06:07:53,825 [INFO] BC_ExperimentRunner: Creating model of type: vqc with n_features=4, n_classes=2, initial_dtype_request=torch.float32
2025-06-23 06:07:53,825 [INFO] src.quantum.models: Initializing VQC (TorchLayer): qubits=4, layers=2, circuit='complex', device='lightning.qubit', shots=None, diff_method='best'
2025-06-23 06:07:53,825 [INFO] src.quantum.circuits: Creating complex circuit with 4 qubits, 2 layers.
2025-06-23 06:07:53,826 [INFO] src.quantum.circuits: Complex circuit expects 48 trainable parameters.
2025-06-23 06:07:53,826 [INFO] src.quantum.models: VQC circuit requires 48 parameters.
2025-06-23 06:07:53,826 [INFO] src.quantum.models: VariationalQuantumClassifier: Using 'lightning.qubit' with no shots. Defaulting to 'adjoint'.
2025-06-23 06:07:53,826 [INFO] src.quantum.models: VariationalQuantumClassifier attempting to use differentiation method: adjoint
2025-06-23 06:07:53,832 [INFO] src.quantum.models: VQC raw circuit output dimension: 6
2025-06-23 06:07:53,832 [INFO] src.quantum.models: VQC: Added Linear head: 6 -> 2 logits for CrossEntropyLoss.
2025-06-23 06:07:53,832 [INFO] src.core.quantum_client: QuantumClient vqc_client_2: Initializing with model type 'vqc'.
2025-06-23 06:07:53,833 [INFO] src.federated.client: Client vqc_client_2 initialized on device 'cuda' with 2 samples.
2025-06-23 06:07:53,833 [INFO] BC_ExperimentRunner: Creating model of type: vqc with n_features=4, n_classes=2, initial_dtype_request=torch.float32
2025-06-23 06:07:53,833 [INFO] src.quantum.models: Initializing VQC (TorchLayer): qubits=4, layers=2, circuit='complex', device='lightning.qubit', shots=None, diff_method='best'
2025-06-23 06:07:53,834 [INFO] src.quantum.circuits: Creating complex circuit with 4 qubits, 2 layers.
2025-06-23 06:07:53,834 [INFO] src.quantum.circuits: Complex circuit expects 48 trainable parameters.
2025-06-23 06:07:53,834 [INFO] src.quantum.models: VQC circuit requires 48 parameters.
2025-06-23 06:07:53,834 [INFO] src.quantum.models: VariationalQuantumClassifier: Using 'lightning.qubit' with no shots. Defaulting to 'adjoint'.
2025-06-23 06:07:53,834 [INFO] src.quantum.models: VariationalQuantumClassifier attempting to use differentiation method: adjoint
2025-06-23 06:07:53,840 [INFO] src.quantum.models: VQC raw circuit output dimension: 6
2025-06-23 06:07:53,840 [INFO] src.quantum.models: VQC: Added Linear head: 6 -> 2 logits for CrossEntropyLoss.
2025-06-23 06:07:53,841 [INFO] src.core.quantum_client: QuantumClient vqc_client_3: Initializing with model type 'vqc'.
2025-06-23 06:07:53,841 [INFO] src.federated.client: Client vqc_client_3 initialized on device 'cuda' with 7 samples.
2025-06-23 06:07:53,841 [INFO] BC_ExperimentRunner: Creating model of type: vqc with n_features=4, n_classes=2, initial_dtype_request=torch.float32
2025-06-23 06:07:53,841 [INFO] src.quantum.models: Initializing VQC (TorchLayer): qubits=4, layers=2, circuit='complex', device='lightning.qubit', shots=None, diff_method='best'
2025-06-23 06:07:53,841 [INFO] src.quantum.circuits: Creating complex circuit with 4 qubits, 2 layers.
2025-06-23 06:07:53,842 [INFO] src.quantum.circuits: Complex circuit expects 48 trainable parameters.
2025-06-23 06:07:53,842 [INFO] src.quantum.models: VQC circuit requires 48 parameters.
2025-06-23 06:07:53,842 [INFO] src.quantum.models: VariationalQuantumClassifier: Using 'lightning.qubit' with no shots. Defaulting to 'adjoint'.
2025-06-23 06:07:53,842 [INFO] src.quantum.models: VariationalQuantumClassifier attempting to use differentiation method: adjoint
2025-06-23 06:07:53,849 [INFO] src.quantum.models: VQC raw circuit output dimension: 6
2025-06-23 06:07:53,850 [INFO] src.quantum.models: VQC: Added Linear head: 6 -> 2 logits for CrossEntropyLoss.
2025-06-23 06:07:53,850 [INFO] src.core.quantum_client: QuantumClient vqc_client_4: Initializing with model type 'vqc'.
2025-06-23 06:07:53,851 [INFO] src.federated.client: Client vqc_client_4 initialized on device 'cuda' with 78 samples.
2025-06-23 06:07:53,851 [INFO] src.federated.server: Registered client 'vqc_client_0'. Total clients: 1.
2025-06-23 06:07:53,851 [INFO] src.federated.server: Registered client 'vqc_client_1'. Total clients: 2.
2025-06-23 06:07:53,851 [INFO] src.federated.server: Registered client 'vqc_client_2'. Total clients: 3.
2025-06-23 06:07:53,851 [INFO] src.federated.server: Registered client 'vqc_client_3'. Total clients: 4.
2025-06-23 06:07:53,851 [INFO] src.federated.server: Registered client 'vqc_client_4'. Total clients: 5.
2025-06-23 06:07:53,851 [INFO] BC_ExperimentRunner: --- Scenario setup complete for VQC_Analysis_FedAvg_NonIID_Complex ---
2025-06-23 06:07:53,852 [INFO] src.federated.server: Starting federated training process for 10 rounds.
2025-06-23 06:07:53,852 [INFO] src.federated.server: Config: local_epochs=3, client_fraction=0.1, min_clients=3, FedProx mu=0.0
2025-06-23 06:07:53,852 [INFO] src.federated.server: Performing initial evaluation of global model...
2025-06-23 06:07:53,852 [INFO] src.core.quantum_manager: Server: Starting evaluation of global model (type: vqc).
2025-06-23 06:07:54,700 [INFO] src.core.quantum_manager: Evaluation results: Loss=0.8873, Accuracy=0.2895
2025-06-23 06:07:54,700 [INFO] src.federated.server: Initial Evaluation Metrics: {'loss': 0.8872619344477068, 'accuracy': 0.2894736842105263}
2025-06-23 06:07:54,700 [INFO] src.federated.server: ===== Starting Round 1/10 =====
2025-06-23 06:07:54,700 [INFO] src.federated.server: Starting federated training round...
2025-06-23 06:07:54,700 [INFO] src.federated.server: Selected 3 clients out of 5 available (fraction=0.1, min_clients=3): ['vqc_client_1', 'vqc_client_4', 'vqc_client_3']
2025-06-23 06:07:54,701 [INFO] src.core.quantum_client: Client vqc_client_1: Starting local training for 3 epochs (model type: vqc). Proximal term mu=0.0.
2025-06-23 06:07:54,701 [INFO] src.federated.client: Client vqc_client_1: Starting local training for 3 epochs. Proximal term mu=0.0.
2025-06-23 06:08:43,996 [INFO] src.federated.client: Client vqc_client_1 - Epoch 1/3 completed. Average Loss: 0.8599
2025-06-23 06:09:41,194 [INFO] src.federated.client: Client vqc_client_1 - Epoch 2/3 completed. Average Loss: 0.7341
