2025-05-31 05:32:09,553 [INFO] BC_ExperimentRunner: Starting All Breast Cancer Experiments...
2025-05-31 05:32:09,553 [INFO] BC_ExperimentRunner: ========== Starting BC_MLP_FedAvg_IID_FullFeat ==========
2025-05-31 05:32:09,554 [INFO] BC_ExperimentRunner: --- Setting up experiment: BC_MLP_FedAvg_IID_FullFeat for dataset breast_cancer ---
2025-05-31 05:32:11,633 [INFO] src.utils.data_utils: Set all random seeds to 42
2025-05-31 05:32:11,633 [INFO] BC_ExperimentRunner: Experiment 'BC_MLP_FedAvg_IID_FullFeat' will use tensor_dtype: torch.float32
2025-05-31 05:32:11,636 [INFO] src.utils.data_utils: Loading dataset: breast_cancer, PCA features=None, Scaling=standard, Subset size=None, Dtype=torch.float32
2025-05-31 05:32:11,637 [INFO] src.utils.data_utils: Set all random seeds to 42
2025-05-31 05:32:11,693 [INFO] src.utils.data_utils: Data preparation complete for 'breast_cancer'. Train size: 455, Test size: 114, Features: 30, Classes: 2
2025-05-31 05:32:11,703 [INFO] BC_ExperimentRunner: Successfully loaded configuration from /home/dhanraj/quantum_federated_simulator/configs/federated/server_config.yaml
2025-05-31 05:32:11,713 [INFO] BC_ExperimentRunner: Successfully loaded configuration from /home/dhanraj/quantum_federated_simulator/configs/federated/client_config.yaml
2025-05-31 05:32:11,724 [INFO] BC_ExperimentRunner: Successfully loaded configuration from /home/dhanraj/quantum_federated_simulator/configs/federated/default_aggregation.yaml
2025-05-31 05:32:11,737 [INFO] BC_ExperimentRunner: Creating model of type: classical_mlp with n_features=30, n_classes=2, initial_dtype_request=torch.float32
2025-05-31 05:32:11,747 [INFO] BC_ExperimentRunner: Model 'classical_mlp' parameters set to dtype: torch.float32
2025-05-31 05:32:11,748 [INFO] src.federated.aggregation: Creating aggregation strategy of type: fedavg
2025-05-31 05:32:11,748 [INFO] BC_ExperimentRunner: Using aggregation strategy: FedAvg (base: FedAvg)
2025-05-31 05:32:12,797 [INFO] src.federated.server: Federated server initialized on device 'cuda' with aggregation strategy: FedAvg
2025-05-31 05:32:12,797 [INFO] BC_ExperimentRunner: Creating model of type: classical_mlp with n_features=30, n_classes=2, initial_dtype_request=torch.float32
2025-05-31 05:32:12,799 [INFO] BC_ExperimentRunner: Model 'classical_mlp' parameters set to dtype: torch.float32
2025-05-31 05:32:14,933 [INFO] src.federated.client: Client classical_mlp_client_0 initialized on device 'cuda' with 91 samples.
2025-05-31 05:32:14,933 [INFO] BC_ExperimentRunner: Creating model of type: classical_mlp with n_features=30, n_classes=2, initial_dtype_request=torch.float32
2025-05-31 05:32:14,934 [INFO] BC_ExperimentRunner: Model 'classical_mlp' parameters set to dtype: torch.float32
2025-05-31 05:32:14,936 [INFO] src.federated.client: Client classical_mlp_client_1 initialized on device 'cuda' with 91 samples.
2025-05-31 05:32:14,936 [INFO] BC_ExperimentRunner: Creating model of type: classical_mlp with n_features=30, n_classes=2, initial_dtype_request=torch.float32
2025-05-31 05:32:14,937 [INFO] BC_ExperimentRunner: Model 'classical_mlp' parameters set to dtype: torch.float32
2025-05-31 05:32:14,939 [INFO] src.federated.client: Client classical_mlp_client_2 initialized on device 'cuda' with 91 samples.
2025-05-31 05:32:14,939 [INFO] BC_ExperimentRunner: Creating model of type: classical_mlp with n_features=30, n_classes=2, initial_dtype_request=torch.float32
2025-05-31 05:32:14,940 [INFO] BC_ExperimentRunner: Model 'classical_mlp' parameters set to dtype: torch.float32
2025-05-31 05:32:14,942 [INFO] src.federated.client: Client classical_mlp_client_3 initialized on device 'cuda' with 91 samples.
2025-05-31 05:32:14,942 [INFO] BC_ExperimentRunner: Creating model of type: classical_mlp with n_features=30, n_classes=2, initial_dtype_request=torch.float32
2025-05-31 05:32:14,943 [INFO] BC_ExperimentRunner: Model 'classical_mlp' parameters set to dtype: torch.float32
2025-05-31 05:32:14,945 [INFO] src.federated.client: Client classical_mlp_client_4 initialized on device 'cuda' with 91 samples.
2025-05-31 05:32:14,945 [INFO] src.federated.server: Registered client 'classical_mlp_client_0'. Total clients: 1.
2025-05-31 05:32:14,946 [INFO] src.federated.server: Registered client 'classical_mlp_client_1'. Total clients: 2.
2025-05-31 05:32:14,946 [INFO] src.federated.server: Registered client 'classical_mlp_client_2'. Total clients: 3.
2025-05-31 05:32:14,946 [INFO] src.federated.server: Registered client 'classical_mlp_client_3'. Total clients: 4.
2025-05-31 05:32:14,946 [INFO] src.federated.server: Registered client 'classical_mlp_client_4'. Total clients: 5.
2025-05-31 05:32:14,946 [INFO] BC_ExperimentRunner: --- Scenario setup complete for BC_MLP_FedAvg_IID_FullFeat ---
2025-05-31 05:32:14,946 [INFO] src.federated.server: Starting federated training process for 5 rounds.
2025-05-31 05:32:14,947 [INFO] src.federated.server: Config: local_epochs=3, client_fraction=0.1, min_clients=3, FedProx mu=0.0
2025-05-31 05:32:14,947 [INFO] src.federated.server: Performing initial evaluation of global model...
2025-05-31 05:32:15,365 [INFO] src.federated.server: Initial Evaluation Metrics: {'loss': 0.7119773626327515, 'accuracy': 0.3684210526315789}
2025-05-31 05:32:15,366 [INFO] src.federated.server: ===== Starting Round 1/5 =====
2025-05-31 05:32:15,366 [INFO] src.federated.server: Starting federated training round...
2025-05-31 05:32:15,366 [INFO] src.federated.server: Selected 3 clients out of 5 available (fraction=0.1, min_clients=3): ['classical_mlp_client_0', 'classical_mlp_client_4', 'classical_mlp_client_2']
2025-05-31 05:32:15,369 [INFO] src.federated.client: Client classical_mlp_client_0: Starting local training for 3 epochs. Proximal term mu=0.0.
2025-05-31 05:32:15,639 [INFO] src.federated.client: Client classical_mlp_client_0 - Epoch 1/3 completed. Average Loss: 0.7019
2025-05-31 05:32:15,659 [INFO] src.federated.client: Client classical_mlp_client_0 - Epoch 2/3 completed. Average Loss: 0.6574
2025-05-31 05:32:15,677 [INFO] src.federated.client: Client classical_mlp_client_0 - Epoch 3/3 completed. Average Loss: 0.6177
2025-05-31 05:32:15,678 [INFO] src.federated.client: Client classical_mlp_client_0: Local training finished. Processed 273 samples.
2025-05-31 05:32:15,679 [INFO] src.federated.client: Client classical_mlp_client_4: Starting local training for 3 epochs. Proximal term mu=0.0.
2025-05-31 05:32:15,698 [INFO] src.federated.client: Client classical_mlp_client_4 - Epoch 1/3 completed. Average Loss: 0.7091
2025-05-31 05:32:15,717 [INFO] src.federated.client: Client classical_mlp_client_4 - Epoch 2/3 completed. Average Loss: 0.6556
2025-05-31 05:32:15,735 [INFO] src.federated.client: Client classical_mlp_client_4 - Epoch 3/3 completed. Average Loss: 0.6103
2025-05-31 05:32:15,738 [INFO] src.federated.client: Client classical_mlp_client_4: Local training finished. Processed 273 samples.
2025-05-31 05:32:15,740 [INFO] src.federated.client: Client classical_mlp_client_2: Starting local training for 3 epochs. Proximal term mu=0.0.
2025-05-31 05:32:15,756 [INFO] src.federated.client: Client classical_mlp_client_2 - Epoch 1/3 completed. Average Loss: 0.7050
2025-05-31 05:32:15,776 [INFO] src.federated.client: Client classical_mlp_client_2 - Epoch 2/3 completed. Average Loss: 0.6537
2025-05-31 05:32:15,794 [INFO] src.federated.client: Client classical_mlp_client_2 - Epoch 3/3 completed. Average Loss: 0.6103
2025-05-31 05:32:15,795 [INFO] src.federated.client: Client classical_mlp_client_2: Local training finished. Processed 273 samples.
2025-05-31 05:32:15,796 [INFO] src.federated.server: Aggregating updates from 3 clients using FedAvg.
2025-05-31 05:32:15,796 [INFO] src.federated.aggregation: FedAvg: Aggregating updates from 3 clients.
2025-05-31 05:32:15,797 [INFO] src.federated.aggregation: FedAvg: Aggregation complete.
2025-05-31 05:32:15,798 [INFO] src.federated.server: Global model updated with aggregated parameters.
2025-05-31 05:32:15,798 [INFO] src.federated.server: Evaluating updated global model...
2025-05-31 05:32:15,802 [INFO] src.federated.server: Round 1 completed in 0.44s. Eval Metrics: {'loss': 0.5987380743026733, 'accuracy': 0.8596491228070176}
2025-05-31 05:32:15,803 [INFO] src.federated.server: ===== Starting Round 2/5 =====
2025-05-31 05:32:15,803 [INFO] src.federated.server: Starting federated training round...
2025-05-31 05:32:15,803 [INFO] src.federated.server: Selected 3 clients out of 5 available (fraction=0.1, min_clients=3): ['classical_mlp_client_2', 'classical_mlp_client_1', 'classical_mlp_client_0']
2025-05-31 05:32:15,805 [INFO] src.federated.client: Client classical_mlp_client_2: Starting local training for 3 epochs. Proximal term mu=0.0.
2025-05-31 05:32:15,823 [INFO] src.federated.client: Client classical_mlp_client_2 - Epoch 1/3 completed. Average Loss: 0.5683
2025-05-31 05:32:15,841 [INFO] src.federated.client: Client classical_mlp_client_2 - Epoch 2/3 completed. Average Loss: 0.5224
2025-05-31 05:32:15,858 [INFO] src.federated.client: Client classical_mlp_client_2 - Epoch 3/3 completed. Average Loss: 0.4750
2025-05-31 05:32:15,859 [INFO] src.federated.client: Client classical_mlp_client_2: Local training finished. Processed 273 samples.
2025-05-31 05:32:15,861 [INFO] src.federated.client: Client classical_mlp_client_1: Starting local training for 3 epochs. Proximal term mu=0.0.
2025-05-31 05:32:15,880 [INFO] src.federated.client: Client classical_mlp_client_1 - Epoch 1/3 completed. Average Loss: 0.5870
2025-05-31 05:32:15,897 [INFO] src.federated.client: Client classical_mlp_client_1 - Epoch 2/3 completed. Average Loss: 0.5385
2025-05-31 05:32:15,914 [INFO] src.federated.client: Client classical_mlp_client_1 - Epoch 3/3 completed. Average Loss: 0.4919
2025-05-31 05:32:15,915 [INFO] src.federated.client: Client classical_mlp_client_1: Local training finished. Processed 273 samples.
2025-05-31 05:32:15,917 [INFO] src.federated.client: Client classical_mlp_client_0: Starting local training for 3 epochs. Proximal term mu=0.0.
2025-05-31 05:32:15,935 [INFO] src.federated.client: Client classical_mlp_client_0 - Epoch 1/3 completed. Average Loss: 0.5817
2025-05-31 05:32:15,954 [INFO] src.federated.client: Client classical_mlp_client_0 - Epoch 2/3 completed. Average Loss: 0.5398
2025-05-31 05:32:15,971 [INFO] src.federated.client: Client classical_mlp_client_0 - Epoch 3/3 completed. Average Loss: 0.4949
2025-05-31 05:32:15,972 [INFO] src.federated.client: Client classical_mlp_client_0: Local training finished. Processed 273 samples.
2025-05-31 05:32:15,972 [INFO] src.federated.server: Aggregating updates from 3 clients using FedAvg.
2025-05-31 05:32:15,972 [INFO] src.federated.aggregation: FedAvg: Aggregating updates from 3 clients.
2025-05-31 05:32:15,974 [INFO] src.federated.aggregation: FedAvg: Aggregation complete.
2025-05-31 05:32:15,975 [INFO] src.federated.server: Global model updated with aggregated parameters.
2025-05-31 05:32:15,975 [INFO] src.federated.server: Evaluating updated global model...
2025-05-31 05:32:15,979 [INFO] src.federated.server: Round 2 completed in 0.18s. Eval Metrics: {'loss': 0.4760989546775818, 'accuracy': 0.9385964912280702}
2025-05-31 05:32:15,980 [INFO] src.federated.server: ===== Starting Round 3/5 =====
2025-05-31 05:32:15,980 [INFO] src.federated.server: Starting federated training round...
2025-05-31 05:32:15,980 [INFO] src.federated.server: Selected 3 clients out of 5 available (fraction=0.1, min_clients=3): ['classical_mlp_client_1', 'classical_mlp_client_0', 'classical_mlp_client_2']
2025-05-31 05:32:15,982 [INFO] src.federated.client: Client classical_mlp_client_1: Starting local training for 3 epochs. Proximal term mu=0.0.
2025-05-31 05:32:16,001 [INFO] src.federated.client: Client classical_mlp_client_1 - Epoch 1/3 completed. Average Loss: 0.4500
2025-05-31 05:32:16,018 [INFO] src.federated.client: Client classical_mlp_client_1 - Epoch 2/3 completed. Average Loss: 0.4017
2025-05-31 05:32:16,034 [INFO] src.federated.client: Client classical_mlp_client_1 - Epoch 3/3 completed. Average Loss: 0.3535
2025-05-31 05:32:16,035 [INFO] src.federated.client: Client classical_mlp_client_1: Local training finished. Processed 273 samples.
2025-05-31 05:32:16,036 [INFO] src.federated.client: Client classical_mlp_client_0: Starting local training for 3 epochs. Proximal term mu=0.0.
2025-05-31 05:32:16,053 [INFO] src.federated.client: Client classical_mlp_client_0 - Epoch 1/3 completed. Average Loss: 0.4523
2025-05-31 05:32:16,069 [INFO] src.federated.client: Client classical_mlp_client_0 - Epoch 2/3 completed. Average Loss: 0.4039
2025-05-31 05:32:16,084 [INFO] src.federated.client: Client classical_mlp_client_0 - Epoch 3/3 completed. Average Loss: 0.3564
2025-05-31 05:32:16,085 [INFO] src.federated.client: Client classical_mlp_client_0: Local training finished. Processed 273 samples.
2025-05-31 05:32:16,087 [INFO] src.federated.client: Client classical_mlp_client_2: Starting local training for 3 epochs. Proximal term mu=0.0.
2025-05-31 05:32:16,102 [INFO] src.federated.client: Client classical_mlp_client_2 - Epoch 1/3 completed. Average Loss: 0.4239
2025-05-31 05:32:16,119 [INFO] src.federated.client: Client classical_mlp_client_2 - Epoch 2/3 completed. Average Loss: 0.3727
2025-05-31 05:32:16,135 [INFO] src.federated.client: Client classical_mlp_client_2 - Epoch 3/3 completed. Average Loss: 0.3231
2025-05-31 05:32:16,137 [INFO] src.federated.client: Client classical_mlp_client_2: Local training finished. Processed 273 samples.
2025-05-31 05:32:16,137 [INFO] src.federated.server: Aggregating updates from 3 clients using FedAvg.
2025-05-31 05:32:16,137 [INFO] src.federated.aggregation: FedAvg: Aggregating updates from 3 clients.
2025-05-31 05:32:16,138 [INFO] src.federated.aggregation: FedAvg: Aggregation complete.
2025-05-31 05:32:16,140 [INFO] src.federated.server: Global model updated with aggregated parameters.
2025-05-31 05:32:16,140 [INFO] src.federated.server: Evaluating updated global model...
2025-05-31 05:32:16,144 [INFO] src.federated.server: Round 3 completed in 0.16s. Eval Metrics: {'loss': 0.34171128273010254, 'accuracy': 0.956140350877193}
2025-05-31 05:32:16,144 [INFO] src.federated.server: ===== Starting Round 4/5 =====
2025-05-31 05:32:16,144 [INFO] src.federated.server: Starting federated training round...
2025-05-31 05:32:16,145 [INFO] src.federated.server: Selected 3 clients out of 5 available (fraction=0.1, min_clients=3): ['classical_mlp_client_4', 'classical_mlp_client_0', 'classical_mlp_client_2']
2025-05-31 05:32:16,147 [INFO] src.federated.client: Client classical_mlp_client_4: Starting local training for 3 epochs. Proximal term mu=0.0.
2025-05-31 05:32:16,162 [INFO] src.federated.client: Client classical_mlp_client_4 - Epoch 1/3 completed. Average Loss: 0.2831
2025-05-31 05:32:16,181 [INFO] src.federated.client: Client classical_mlp_client_4 - Epoch 2/3 completed. Average Loss: 0.2416
