2025-04-15 19:01:00,999 [INFO] ExperimentRunner: Starting All Experiments...
2025-04-15 19:01:00,999 [INFO] ExperimentRunner: Loading SMALL SUBSET of MNIST data for testing...
2025-04-15 19:01:00,999 [INFO] src.utils.data_utils: Loading MNIST data from ./data. Target features: None. Normalize: True
2025-04-15 19:01:01,750 [INFO] src.utils.data_utils: Using original 784 features (PCA not requested).
2025-04-15 19:01:01,750 [INFO] src.utils.data_utils: Applying MinMaxScaler to scale features to [-1, 1] range.
2025-04-15 19:01:01,980 [INFO] src.utils.data_utils: MNIST data loaded. Train size: 60000, Test size: 10000, Features: 784
2025-04-15 19:01:01,984 [INFO] ExperimentRunner: Using subset: Train size=1000, Test size=200
2025-04-15 19:01:01,984 [INFO] ExperimentRunner: ========== Starting Classical_MLP_FedAvg_IID ==========
2025-04-15 19:01:01,984 [INFO] ExperimentRunner: --- Setting up experiment: Classical_MLP_FedAvg_IID ---
2025-04-15 19:01:03,425 [INFO] src.utils.data_utils: Set random seed to 42
2025-04-15 19:01:03,430 [INFO] src.utils.data_utils: Successfully loaded configuration from /home/dhanraj/quantum_federated_simulator/configs/federated/server_config.yaml
2025-04-15 19:01:03,432 [INFO] src.utils.data_utils: Successfully loaded configuration from /home/dhanraj/quantum_federated_simulator/configs/federated/client_config.yaml
2025-04-15 19:01:03,435 [INFO] src.utils.data_utils: Successfully loaded configuration from /home/dhanraj/quantum_federated_simulator/configs/federated/default_aggregation.yaml
2025-04-15 19:01:03,435 [INFO] src.utils.data_utils: Partitioning data IID among 5 clients.
2025-04-15 19:01:03,436 [INFO] src.utils.data_utils: Data partitioning complete.
2025-04-15 19:01:03,436 [INFO] ExperimentRunner: Creating model of type: classical_mlp
2025-04-15 19:01:03,438 [INFO] src.federated.aggregation: Creating aggregation strategy of type: fedavg
2025-04-15 19:01:03,438 [INFO] ExperimentRunner: Using aggregation strategy: FedAvg
2025-04-15 19:01:03,782 [INFO] src.federated.server: Federated server initialized on device 'cuda' with aggregation strategy: FedAvg
2025-04-15 19:01:03,782 [INFO] ExperimentRunner: Creating model of type: classical_mlp
2025-04-15 19:01:03,784 [INFO] src.federated.client: Client classical_mlp_client_0 initialized on device 'cuda' with 200 samples.
2025-04-15 19:01:03,785 [INFO] src.federated.server: Registered client 'classical_mlp_client_0'. Total clients: 1.
2025-04-15 19:01:03,785 [INFO] ExperimentRunner: Creating model of type: classical_mlp
2025-04-15 19:01:03,786 [INFO] src.federated.client: Client classical_mlp_client_1 initialized on device 'cuda' with 200 samples.
2025-04-15 19:01:03,786 [INFO] src.federated.server: Registered client 'classical_mlp_client_1'. Total clients: 2.
2025-04-15 19:01:03,786 [INFO] ExperimentRunner: Creating model of type: classical_mlp
2025-04-15 19:01:03,788 [INFO] src.federated.client: Client classical_mlp_client_2 initialized on device 'cuda' with 200 samples.
2025-04-15 19:01:03,788 [INFO] src.federated.server: Registered client 'classical_mlp_client_2'. Total clients: 3.
2025-04-15 19:01:03,788 [INFO] ExperimentRunner: Creating model of type: classical_mlp
2025-04-15 19:01:03,789 [INFO] src.federated.client: Client classical_mlp_client_3 initialized on device 'cuda' with 200 samples.
2025-04-15 19:01:03,789 [INFO] src.federated.server: Registered client 'classical_mlp_client_3'. Total clients: 4.
2025-04-15 19:01:03,790 [INFO] ExperimentRunner: Creating model of type: classical_mlp
2025-04-15 19:01:03,801 [INFO] src.federated.client: Client classical_mlp_client_4 initialized on device 'cuda' with 200 samples.
2025-04-15 19:01:03,802 [INFO] src.federated.server: Registered client 'classical_mlp_client_4'. Total clients: 5.
2025-04-15 19:01:03,825 [INFO] ExperimentRunner: --- Scenario setup complete for Classical_MLP_FedAvg_IID ---
2025-04-15 19:01:03,825 [INFO] src.federated.server: Starting federated training process for 10 rounds.
2025-04-15 19:01:03,825 [INFO] src.federated.server: Config: local_epochs=2, client_fraction=0.1, min_clients=3, FedProx mu=0.0
2025-04-15 19:01:03,826 [INFO] src.federated.server: Performing initial evaluation of global model...
2025-04-15 19:01:04,015 [INFO] src.federated.server: Initial Evaluation Metrics: {'loss': 2.2907654457986593, 'accuracy': 0.15}
2025-04-15 19:01:04,015 [INFO] src.federated.server: ===== Starting Round 1/10 =====
2025-04-15 19:01:04,016 [INFO] src.federated.server: Starting federated training round...
2025-04-15 19:01:04,016 [INFO] src.federated.server: Selected 3 clients out of 5 available (fraction=0.1, min_clients=3): ['classical_mlp_client_0', 'classical_mlp_client_4', 'classical_mlp_client_2']
2025-04-15 19:01:04,018 [INFO] src.federated.client: Client classical_mlp_client_0: Starting local training for 2 epochs. Proximal term mu=0.0.
2025-04-15 19:01:04,185 [INFO] src.federated.client: Client classical_mlp_client_0 - Epoch 1/2 completed. Average Loss: 2.5473
2025-04-15 19:01:04,209 [INFO] src.federated.client: Client classical_mlp_client_0 - Epoch 2/2 completed. Average Loss: 1.8942
2025-04-15 19:01:04,210 [INFO] src.federated.client: Client classical_mlp_client_0: Local training finished. Processed 400 samples.
2025-04-15 19:01:04,211 [INFO] src.federated.client: Client classical_mlp_client_4: Starting local training for 2 epochs. Proximal term mu=0.0.
2025-04-15 19:01:04,238 [INFO] src.federated.client: Client classical_mlp_client_4 - Epoch 1/2 completed. Average Loss: 2.4500
2025-04-15 19:01:04,264 [INFO] src.federated.client: Client classical_mlp_client_4 - Epoch 2/2 completed. Average Loss: 1.8778
2025-04-15 19:01:04,265 [INFO] src.federated.client: Client classical_mlp_client_4: Local training finished. Processed 400 samples.
2025-04-15 19:01:04,266 [INFO] src.federated.client: Client classical_mlp_client_2: Starting local training for 2 epochs. Proximal term mu=0.0.
2025-04-15 19:01:04,294 [INFO] src.federated.client: Client classical_mlp_client_2 - Epoch 1/2 completed. Average Loss: 2.5461
2025-04-15 19:01:04,321 [INFO] src.federated.client: Client classical_mlp_client_2 - Epoch 2/2 completed. Average Loss: 2.2145
2025-04-15 19:01:04,323 [INFO] src.federated.client: Client classical_mlp_client_2: Local training finished. Processed 400 samples.
2025-04-15 19:01:04,323 [INFO] src.federated.server: Aggregating updates from 3 clients using FedAvg.
2025-04-15 19:01:04,323 [INFO] src.federated.aggregation: FedAvg: Aggregating updates from 3 clients.
2025-04-15 19:01:04,325 [INFO] src.federated.aggregation: FedAvg: Aggregation complete.
2025-04-15 19:01:04,326 [INFO] src.federated.server: Global model updated with aggregated parameters.
2025-04-15 19:01:04,326 [INFO] src.federated.server: Evaluating updated global model...
2025-04-15 19:01:04,333 [INFO] src.federated.server: Round 1 completed in 0.32s. Eval Metrics: {'loss': 2.2239214063770727, 'accuracy': 0.24}
2025-04-15 19:01:04,334 [INFO] src.federated.server: ===== Starting Round 2/10 =====
2025-04-15 19:01:04,334 [INFO] src.federated.server: Starting federated training round...
2025-04-15 19:01:04,334 [INFO] src.federated.server: Selected 3 clients out of 5 available (fraction=0.1, min_clients=3): ['classical_mlp_client_2', 'classical_mlp_client_1', 'classical_mlp_client_0']
2025-04-15 19:01:04,336 [INFO] src.federated.client: Client classical_mlp_client_2: Starting local training for 2 epochs. Proximal term mu=0.0.
2025-04-15 19:01:04,363 [INFO] src.federated.client: Client classical_mlp_client_2 - Epoch 1/2 completed. Average Loss: 2.1715
2025-04-15 19:01:04,391 [INFO] src.federated.client: Client classical_mlp_client_2 - Epoch 2/2 completed. Average Loss: 1.7329
2025-04-15 19:01:04,392 [INFO] src.federated.client: Client classical_mlp_client_2: Local training finished. Processed 400 samples.
2025-04-15 19:01:04,393 [INFO] src.federated.client: Client classical_mlp_client_1: Starting local training for 2 epochs. Proximal term mu=0.0.
2025-04-15 19:01:04,418 [INFO] src.federated.client: Client classical_mlp_client_1 - Epoch 1/2 completed. Average Loss: 2.0971
2025-04-15 19:01:04,443 [INFO] src.federated.client: Client classical_mlp_client_1 - Epoch 2/2 completed. Average Loss: 1.5748
2025-04-15 19:01:04,444 [INFO] src.federated.client: Client classical_mlp_client_1: Local training finished. Processed 400 samples.
2025-04-15 19:01:04,445 [INFO] src.federated.client: Client classical_mlp_client_0: Starting local training for 2 epochs. Proximal term mu=0.0.
2025-04-15 19:01:04,468 [INFO] src.federated.client: Client classical_mlp_client_0 - Epoch 1/2 completed. Average Loss: 2.1542
2025-04-15 19:01:04,491 [INFO] src.federated.client: Client classical_mlp_client_0 - Epoch 2/2 completed. Average Loss: 1.4841
2025-04-15 19:01:04,492 [INFO] src.federated.client: Client classical_mlp_client_0: Local training finished. Processed 400 samples.
2025-04-15 19:01:04,492 [INFO] src.federated.server: Aggregating updates from 3 clients using FedAvg.
2025-04-15 19:01:04,492 [INFO] src.federated.aggregation: FedAvg: Aggregating updates from 3 clients.
2025-04-15 19:01:04,493 [INFO] src.federated.aggregation: FedAvg: Aggregation complete.
2025-04-15 19:01:04,494 [INFO] src.federated.server: Global model updated with aggregated parameters.
2025-04-15 19:01:04,494 [INFO] src.federated.server: Evaluating updated global model...
2025-04-15 19:01:04,498 [INFO] src.federated.server: Round 2 completed in 0.16s. Eval Metrics: {'loss': 1.4401112155618028, 'accuracy': 0.505}
2025-04-15 19:01:04,499 [INFO] src.federated.server: ===== Starting Round 3/10 =====
2025-04-15 19:01:04,499 [INFO] src.federated.server: Starting federated training round...
2025-04-15 19:01:04,499 [INFO] src.federated.server: Selected 3 clients out of 5 available (fraction=0.1, min_clients=3): ['classical_mlp_client_1', 'classical_mlp_client_0', 'classical_mlp_client_2']
2025-04-15 19:01:04,500 [INFO] src.federated.client: Client classical_mlp_client_1: Starting local training for 2 epochs. Proximal term mu=0.0.
2025-04-15 19:01:04,526 [INFO] src.federated.client: Client classical_mlp_client_1 - Epoch 1/2 completed. Average Loss: 1.3093
2025-04-15 19:01:04,553 [INFO] src.federated.client: Client classical_mlp_client_1 - Epoch 2/2 completed. Average Loss: 1.0025
2025-04-15 19:01:04,554 [INFO] src.federated.client: Client classical_mlp_client_1: Local training finished. Processed 400 samples.
2025-04-15 19:01:04,554 [INFO] src.federated.client: Client classical_mlp_client_0: Starting local training for 2 epochs. Proximal term mu=0.0.
2025-04-15 19:01:04,581 [INFO] src.federated.client: Client classical_mlp_client_0 - Epoch 1/2 completed. Average Loss: 1.2899
2025-04-15 19:01:04,604 [INFO] src.federated.client: Client classical_mlp_client_0 - Epoch 2/2 completed. Average Loss: 0.8998
2025-04-15 19:01:04,604 [INFO] src.federated.client: Client classical_mlp_client_0: Local training finished. Processed 400 samples.
2025-04-15 19:01:04,605 [INFO] src.federated.client: Client classical_mlp_client_2: Starting local training for 2 epochs. Proximal term mu=0.0.
2025-04-15 19:01:04,627 [INFO] src.federated.client: Client classical_mlp_client_2 - Epoch 1/2 completed. Average Loss: 1.4760
2025-04-15 19:01:04,649 [INFO] src.federated.client: Client classical_mlp_client_2 - Epoch 2/2 completed. Average Loss: 1.0122
2025-04-15 19:01:04,650 [INFO] src.federated.client: Client classical_mlp_client_2: Local training finished. Processed 400 samples.
2025-04-15 19:01:04,650 [INFO] src.federated.server: Aggregating updates from 3 clients using FedAvg.
2025-04-15 19:01:04,651 [INFO] src.federated.aggregation: FedAvg: Aggregating updates from 3 clients.
2025-04-15 19:01:04,652 [INFO] src.federated.aggregation: FedAvg: Aggregation complete.
2025-04-15 19:01:04,652 [INFO] src.federated.server: Global model updated with aggregated parameters.
2025-04-15 19:01:04,653 [INFO] src.federated.server: Evaluating updated global model...
2025-04-15 19:01:04,657 [INFO] src.federated.server: Round 3 completed in 0.16s. Eval Metrics: {'loss': 0.8162257922064413, 'accuracy': 0.73}
2025-04-15 19:01:04,658 [INFO] src.federated.server: ===== Starting Round 4/10 =====
2025-04-15 19:01:04,658 [INFO] src.federated.server: Starting federated training round...
2025-04-15 19:01:04,658 [INFO] src.federated.server: Selected 3 clients out of 5 available (fraction=0.1, min_clients=3): ['classical_mlp_client_4', 'classical_mlp_client_0', 'classical_mlp_client_2']
2025-04-15 19:01:04,659 [INFO] src.federated.client: Client classical_mlp_client_4: Starting local training for 2 epochs. Proximal term mu=0.0.
2025-04-15 19:01:04,686 [INFO] src.federated.client: Client classical_mlp_client_4 - Epoch 1/2 completed. Average Loss: 0.8131
2025-04-15 19:01:04,708 [INFO] src.federated.client: Client classical_mlp_client_4 - Epoch 2/2 completed. Average Loss: 0.7553
2025-04-15 19:01:04,709 [INFO] src.federated.client: Client classical_mlp_client_4: Local training finished. Processed 400 samples.
2025-04-15 19:01:04,710 [INFO] src.federated.client: Client classical_mlp_client_0: Starting local training for 2 epochs. Proximal term mu=0.0.
2025-04-15 19:01:04,733 [INFO] src.federated.client: Client classical_mlp_client_0 - Epoch 1/2 completed. Average Loss: 0.9135
2025-04-15 19:01:04,755 [INFO] src.federated.client: Client classical_mlp_client_0 - Epoch 2/2 completed. Average Loss: 0.5962
2025-04-15 19:01:04,756 [INFO] src.federated.client: Client classical_mlp_client_0: Local training finished. Processed 400 samples.
2025-04-15 19:01:04,756 [INFO] src.federated.client: Client classical_mlp_client_2: Starting local training for 2 epochs. Proximal term mu=0.0.
2025-04-15 19:01:04,778 [INFO] src.federated.client: Client classical_mlp_client_2 - Epoch 1/2 completed. Average Loss: 0.8049
2025-04-15 19:01:04,799 [INFO] src.federated.client: Client classical_mlp_client_2 - Epoch 2/2 completed. Average Loss: 0.6549
2025-04-15 19:01:04,800 [INFO] src.federated.client: Client classical_mlp_client_2: Local training finished. Processed 400 samples.
2025-04-15 19:01:04,800 [INFO] src.federated.server: Aggregating updates from 3 clients using FedAvg.
2025-04-15 19:01:04,800 [INFO] src.federated.aggregation: FedAvg: Aggregating updates from 3 clients.
2025-04-15 19:01:04,801 [INFO] src.federated.aggregation: FedAvg: Aggregation complete.
2025-04-15 19:01:04,802 [INFO] src.federated.server: Global model updated with aggregated parameters.
2025-04-15 19:01:04,802 [INFO] src.federated.server: Evaluating updated global model...
2025-04-15 19:01:04,806 [INFO] src.federated.server: Round 4 completed in 0.15s. Eval Metrics: {'loss': 0.6307131670159929, 'accuracy': 0.8}
2025-04-15 19:01:04,806 [INFO] src.federated.server: ===== Starting Round 5/10 =====
2025-04-15 19:01:04,806 [INFO] src.federated.server: Starting federated training round...
2025-04-15 19:01:04,806 [INFO] src.federated.server: Selected 3 clients out of 5 available (fraction=0.1, min_clients=3): ['classical_mlp_client_3', 'classical_mlp_client_0', 'classical_mlp_client_4']
2025-04-15 19:01:04,808 [INFO] src.federated.client: Client classical_mlp_client_3: Starting local training for 2 epochs. Proximal term mu=0.0.
2025-04-15 19:01:04,830 [INFO] src.federated.client: Client classical_mlp_client_3 - Epoch 1/2 completed. Average Loss: 1.0080
2025-04-15 19:01:04,851 [INFO] src.federated.client: Client classical_mlp_client_3 - Epoch 2/2 completed. Average Loss: 0.6365
2025-04-15 19:01:04,852 [INFO] src.federated.client: Client classical_mlp_client_3: Local training finished. Processed 400 samples.
2025-04-15 19:01:04,853 [INFO] src.federated.client: Client classical_mlp_client_0: Starting local training for 2 epochs. Proximal term mu=0.0.
2025-04-15 19:01:04,876 [INFO] src.federated.client: Client classical_mlp_client_0 - Epoch 1/2 completed. Average Loss: 0.4399
2025-04-15 19:01:04,898 [INFO] src.federated.client: Client classical_mlp_client_0 - Epoch 2/2 completed. Average Loss: 0.3639
2025-04-15 19:01:04,899 [INFO] src.federated.client: Client classical_mlp_client_0: Local training finished. Processed 400 samples.
2025-04-15 19:01:04,900 [INFO] src.federated.client: Client classical_mlp_client_4: Starting local training for 2 epochs. Proximal term mu=0.0.
2025-04-15 19:01:04,920 [INFO] src.federated.client: Client classical_mlp_client_4 - Epoch 1/2 completed. Average Loss: 0.6054
2025-04-15 19:01:04,939 [INFO] src.federated.client: Client classical_mlp_client_4 - Epoch 2/2 completed. Average Loss: 0.4049
2025-04-15 19:01:04,940 [INFO] src.federated.client: Client classical_mlp_client_4: Local training finished. Processed 400 samples.
2025-04-15 19:01:04,940 [INFO] src.federated.server: Aggregating updates from 3 clients using FedAvg.
2025-04-15 19:01:04,940 [INFO] src.federated.aggregation: FedAvg: Aggregating updates from 3 clients.
2025-04-15 19:01:04,941 [INFO] src.federated.aggregation: FedAvg: Aggregation complete.
2025-04-15 19:01:04,942 [INFO] src.federated.server: Global model updated with aggregated parameters.
2025-04-15 19:01:04,942 [INFO] src.federated.server: Evaluating updated global model...
2025-04-15 19:01:04,947 [INFO] src.federated.server: Round 5 completed in 0.14s. Eval Metrics: {'loss': 0.6545643471951071, 'accuracy': 0.805}
2025-04-15 19:01:04,948 [INFO] src.federated.server: ===== Starting Round 6/10 =====
2025-04-15 19:01:04,948 [INFO] src.federated.server: Starting federated training round...
2025-04-15 19:01:04,948 [INFO] src.federated.server: Selected 3 clients out of 5 available (fraction=0.1, min_clients=3): ['classical_mlp_client_0', 'classical_mlp_client_1', 'classical_mlp_client_4']
2025-04-15 19:01:04,949 [INFO] src.federated.client: Client classical_mlp_client_0: Starting local training for 2 epochs. Proximal term mu=0.0.
2025-04-15 19:01:04,972 [INFO] src.federated.client: Client classical_mlp_client_0 - Epoch 1/2 completed. Average Loss: 0.4145
2025-04-15 19:01:04,993 [INFO] src.federated.client: Client classical_mlp_client_0 - Epoch 2/2 completed. Average Loss: 0.3347
2025-04-15 19:01:04,994 [INFO] src.federated.client: Client classical_mlp_client_0: Local training finished. Processed 400 samples.
2025-04-15 19:01:04,994 [INFO] src.federated.client: Client classical_mlp_client_1: Starting local training for 2 epochs. Proximal term mu=0.0.
2025-04-15 19:01:05,016 [INFO] src.federated.client: Client classical_mlp_client_1 - Epoch 1/2 completed. Average Loss: 0.6666
2025-04-15 19:01:05,038 [INFO] src.federated.client: Client classical_mlp_client_1 - Epoch 2/2 completed. Average Loss: 0.4847
2025-04-15 19:01:05,039 [INFO] src.federated.client: Client classical_mlp_client_1: Local training finished. Processed 400 samples.
2025-04-15 19:01:05,039 [INFO] src.federated.client: Client classical_mlp_client_4: Starting local training for 2 epochs. Proximal term mu=0.0.
2025-04-15 19:01:05,061 [INFO] src.federated.client: Client classical_mlp_client_4 - Epoch 1/2 completed. Average Loss: 0.3705
2025-04-15 19:01:05,083 [INFO] src.federated.client: Client classical_mlp_client_4 - Epoch 2/2 completed. Average Loss: 0.3322
2025-04-15 19:01:05,083 [INFO] src.federated.client: Client classical_mlp_client_4: Local training finished. Processed 400 samples.
2025-04-15 19:01:05,084 [INFO] src.federated.server: Aggregating updates from 3 clients using FedAvg.
2025-04-15 19:01:05,084 [INFO] src.federated.aggregation: FedAvg: Aggregating updates from 3 clients.
2025-04-15 19:01:05,084 [INFO] src.federated.aggregation: FedAvg: Aggregation complete.
2025-04-15 19:01:05,085 [INFO] src.federated.server: Global model updated with aggregated parameters.
2025-04-15 19:01:05,085 [INFO] src.federated.server: Evaluating updated global model...
2025-04-15 19:01:05,089 [INFO] src.federated.server: Round 6 completed in 0.14s. Eval Metrics: {'loss': 0.5780302868071274, 'accuracy': 0.825}
2025-04-15 19:01:05,089 [INFO] src.federated.server: ===== Starting Round 7/10 =====
2025-04-15 19:01:05,089 [INFO] src.federated.server: Starting federated training round...
2025-04-15 19:01:05,089 [INFO] src.federated.server: Selected 3 clients out of 5 available (fraction=0.1, min_clients=3): ['classical_mlp_client_4', 'classical_mlp_client_0', 'classical_mlp_client_2']
2025-04-15 19:01:05,090 [INFO] src.federated.client: Client classical_mlp_client_4: Starting local training for 2 epochs. Proximal term mu=0.0.
2025-04-15 19:01:05,111 [INFO] src.federated.client: Client classical_mlp_client_4 - Epoch 1/2 completed. Average Loss: 0.4660
2025-04-15 19:01:05,132 [INFO] src.federated.client: Client classical_mlp_client_4 - Epoch 2/2 completed. Average Loss: 0.3057
2025-04-15 19:01:05,132 [INFO] src.federated.client: Client classical_mlp_client_4: Local training finished. Processed 400 samples.
2025-04-15 19:01:05,133 [INFO] src.federated.client: Client classical_mlp_client_0: Starting local training for 2 epochs. Proximal term mu=0.0.
2025-04-15 19:01:05,157 [INFO] src.federated.client: Client classical_mlp_client_0 - Epoch 1/2 completed. Average Loss: 0.3066
2025-04-15 19:01:05,179 [INFO] src.federated.client: Client classical_mlp_client_0 - Epoch 2/2 completed. Average Loss: 0.2799
2025-04-15 19:01:05,180 [INFO] src.federated.client: Client classical_mlp_client_0: Local training finished. Processed 400 samples.
2025-04-15 19:01:05,181 [INFO] src.federated.client: Client classical_mlp_client_2: Starting local training for 2 epochs. Proximal term mu=0.0.
2025-04-15 19:01:05,202 [INFO] src.federated.client: Client classical_mlp_client_2 - Epoch 1/2 completed. Average Loss: 0.5650
2025-04-15 19:01:05,224 [INFO] src.federated.client: Client classical_mlp_client_2 - Epoch 2/2 completed. Average Loss: 0.3792
2025-04-15 19:01:05,225 [INFO] src.federated.client: Client classical_mlp_client_2: Local training finished. Processed 400 samples.
2025-04-15 19:01:05,225 [INFO] src.federated.server: Aggregating updates from 3 clients using FedAvg.
2025-04-15 19:01:05,225 [INFO] src.federated.aggregation: FedAvg: Aggregating updates from 3 clients.
2025-04-15 19:01:05,226 [INFO] src.federated.aggregation: FedAvg: Aggregation complete.
2025-04-15 19:01:05,226 [INFO] src.federated.server: Global model updated with aggregated parameters.
2025-04-15 19:01:05,226 [INFO] src.federated.server: Evaluating updated global model...
2025-04-15 19:01:05,231 [INFO] src.federated.server: Round 7 completed in 0.14s. Eval Metrics: {'loss': 0.4922197955696533, 'accuracy': 0.87}
2025-04-15 19:01:05,231 [INFO] src.federated.server: ===== Starting Round 8/10 =====
2025-04-15 19:01:05,231 [INFO] src.federated.server: Starting federated training round...
2025-04-15 19:01:05,231 [INFO] src.federated.server: Selected 3 clients out of 5 available (fraction=0.1, min_clients=3): ['classical_mlp_client_1', 'classical_mlp_client_3', 'classical_mlp_client_0']
2025-04-15 19:01:05,232 [INFO] src.federated.client: Client classical_mlp_client_1: Starting local training for 2 epochs. Proximal term mu=0.0.
2025-04-15 19:01:05,256 [INFO] src.federated.client: Client classical_mlp_client_1 - Epoch 1/2 completed. Average Loss: 0.4798
2025-04-15 19:01:05,277 [INFO] src.federated.client: Client classical_mlp_client_1 - Epoch 2/2 completed. Average Loss: 0.3063
2025-04-15 19:01:05,278 [INFO] src.federated.client: Client classical_mlp_client_1: Local training finished. Processed 400 samples.
2025-04-15 19:01:05,278 [INFO] src.federated.client: Client classical_mlp_client_3: Starting local training for 2 epochs. Proximal term mu=0.0.
2025-04-15 19:01:05,300 [INFO] src.federated.client: Client classical_mlp_client_3 - Epoch 1/2 completed. Average Loss: 0.4067
2025-04-15 19:01:05,321 [INFO] src.federated.client: Client classical_mlp_client_3 - Epoch 2/2 completed. Average Loss: 0.4010
2025-04-15 19:01:05,322 [INFO] src.federated.client: Client classical_mlp_client_3: Local training finished. Processed 400 samples.
2025-04-15 19:01:05,322 [INFO] src.federated.client: Client classical_mlp_client_0: Starting local training for 2 epochs. Proximal term mu=0.0.
2025-04-15 19:01:05,343 [INFO] src.federated.client: Client classical_mlp_client_0 - Epoch 1/2 completed. Average Loss: 0.3399
2025-04-15 19:01:05,362 [INFO] src.federated.client: Client classical_mlp_client_0 - Epoch 2/2 completed. Average Loss: 0.2405
2025-04-15 19:01:05,363 [INFO] src.federated.client: Client classical_mlp_client_0: Local training finished. Processed 400 samples.
2025-04-15 19:01:05,363 [INFO] src.federated.server: Aggregating updates from 3 clients using FedAvg.
2025-04-15 19:01:05,363 [INFO] src.federated.aggregation: FedAvg: Aggregating updates from 3 clients.
2025-04-15 19:01:05,364 [INFO] src.federated.aggregation: FedAvg: Aggregation complete.
2025-04-15 19:01:05,365 [INFO] src.federated.server: Global model updated with aggregated parameters.
2025-04-15 19:01:05,365 [INFO] src.federated.server: Evaluating updated global model...
2025-04-15 19:01:05,370 [INFO] src.federated.server: Round 8 completed in 0.14s. Eval Metrics: {'loss': 0.5881416332477712, 'accuracy': 0.825}
2025-04-15 19:01:05,370 [INFO] src.federated.server: ===== Starting Round 9/10 =====
2025-04-15 19:01:05,370 [INFO] src.federated.server: Starting federated training round...
2025-04-15 19:01:05,370 [INFO] src.federated.server: Selected 3 clients out of 5 available (fraction=0.1, min_clients=3): ['classical_mlp_client_3', 'classical_mlp_client_2', 'classical_mlp_client_0']
2025-04-15 19:01:05,371 [INFO] src.federated.client: Client classical_mlp_client_3: Starting local training for 2 epochs. Proximal term mu=0.0.
2025-04-15 19:01:05,393 [INFO] src.federated.client: Client classical_mlp_client_3 - Epoch 1/2 completed. Average Loss: 0.3286
2025-04-15 19:01:05,415 [INFO] src.federated.client: Client classical_mlp_client_3 - Epoch 2/2 completed. Average Loss: 0.1640
2025-04-15 19:01:05,416 [INFO] src.federated.client: Client classical_mlp_client_3: Local training finished. Processed 400 samples.
2025-04-15 19:01:05,416 [INFO] src.federated.client: Client classical_mlp_client_2: Starting local training for 2 epochs. Proximal term mu=0.0.
2025-04-15 19:01:05,438 [INFO] src.federated.client: Client classical_mlp_client_2 - Epoch 1/2 completed. Average Loss: 0.5789
2025-04-15 19:01:05,461 [INFO] src.federated.client: Client classical_mlp_client_2 - Epoch 2/2 completed. Average Loss: 0.3376
2025-04-15 19:01:05,462 [INFO] src.federated.client: Client classical_mlp_client_2: Local training finished. Processed 400 samples.
2025-04-15 19:01:05,462 [INFO] src.federated.client: Client classical_mlp_client_0: Starting local training for 2 epochs. Proximal term mu=0.0.
2025-04-15 19:01:05,483 [INFO] src.federated.client: Client classical_mlp_client_0 - Epoch 1/2 completed. Average Loss: 0.2881
2025-04-15 19:01:05,505 [INFO] src.federated.client: Client classical_mlp_client_0 - Epoch 2/2 completed. Average Loss: 0.1774
2025-04-15 19:01:05,507 [INFO] src.federated.client: Client classical_mlp_client_0: Local training finished. Processed 400 samples.
2025-04-15 19:01:05,507 [INFO] src.federated.server: Aggregating updates from 3 clients using FedAvg.
2025-04-15 19:01:05,507 [INFO] src.federated.aggregation: FedAvg: Aggregating updates from 3 clients.
2025-04-15 19:01:05,508 [INFO] src.federated.aggregation: FedAvg: Aggregation complete.
2025-04-15 19:01:05,509 [INFO] src.federated.server: Global model updated with aggregated parameters.
2025-04-15 19:01:05,509 [INFO] src.federated.server: Evaluating updated global model...
2025-04-15 19:01:05,514 [INFO] src.federated.server: Round 9 completed in 0.14s. Eval Metrics: {'loss': 0.5528460033221128, 'accuracy': 0.85}
2025-04-15 19:01:05,514 [INFO] src.federated.server: ===== Starting Round 10/10 =====
2025-04-15 19:01:05,514 [INFO] src.federated.server: Starting federated training round...
2025-04-15 19:01:05,515 [INFO] src.federated.server: Selected 3 clients out of 5 available (fraction=0.1, min_clients=3): ['classical_mlp_client_1', 'classical_mlp_client_3', 'classical_mlp_client_4']
2025-04-15 19:01:05,516 [INFO] src.federated.client: Client classical_mlp_client_1: Starting local training for 2 epochs. Proximal term mu=0.0.
2025-04-15 19:01:05,541 [INFO] src.federated.client: Client classical_mlp_client_1 - Epoch 1/2 completed. Average Loss: 0.5257
2025-04-15 19:01:05,567 [INFO] src.federated.client: Client classical_mlp_client_1 - Epoch 2/2 completed. Average Loss: 0.3143
2025-04-15 19:01:05,568 [INFO] src.federated.client: Client classical_mlp_client_1: Local training finished. Processed 400 samples.
2025-04-15 19:01:05,569 [INFO] src.federated.client: Client classical_mlp_client_3: Starting local training for 2 epochs. Proximal term mu=0.0.
2025-04-15 19:01:05,592 [INFO] src.federated.client: Client classical_mlp_client_3 - Epoch 1/2 completed. Average Loss: 0.1997
2025-04-15 19:01:05,614 [INFO] src.federated.client: Client classical_mlp_client_3 - Epoch 2/2 completed. Average Loss: 0.2160
2025-04-15 19:01:05,615 [INFO] src.federated.client: Client classical_mlp_client_3: Local training finished. Processed 400 samples.
2025-04-15 19:01:05,615 [INFO] src.federated.client: Client classical_mlp_client_4: Starting local training for 2 epochs. Proximal term mu=0.0.
2025-04-15 19:01:05,636 [INFO] src.federated.client: Client classical_mlp_client_4 - Epoch 1/2 completed. Average Loss: 0.3964
2025-04-15 19:01:05,659 [INFO] src.federated.client: Client classical_mlp_client_4 - Epoch 2/2 completed. Average Loss: 0.2921
2025-04-15 19:01:05,660 [INFO] src.federated.client: Client classical_mlp_client_4: Local training finished. Processed 400 samples.
2025-04-15 19:01:05,660 [INFO] src.federated.server: Aggregating updates from 3 clients using FedAvg.
2025-04-15 19:01:05,660 [INFO] src.federated.aggregation: FedAvg: Aggregating updates from 3 clients.
2025-04-15 19:01:05,661 [INFO] src.federated.aggregation: FedAvg: Aggregation complete.
2025-04-15 19:01:05,661 [INFO] src.federated.server: Global model updated with aggregated parameters.
2025-04-15 19:01:05,662 [INFO] src.federated.server: Evaluating updated global model...
2025-04-15 19:01:05,666 [INFO] src.federated.server: Round 10 completed in 0.15s. Eval Metrics: {'loss': 0.48700115926298465, 'accuracy': 0.875}
2025-04-15 19:01:05,666 [INFO] src.federated.server: Federated training process completed after 10 rounds.
2025-04-15 19:01:05,666 [INFO] ExperimentRunner: ========== Finished Classical_MLP_FedAvg_IID ==========

2025-04-15 19:01:05,666 [INFO] ExperimentRunner: ========== Starting VQC_FedAvg_IID_PCA4 ==========
2025-04-15 19:01:05,666 [INFO] ExperimentRunner: --- Setting up experiment: VQC_FedAvg_IID_PCA4 ---
2025-04-15 19:01:05,667 [INFO] src.utils.data_utils: Set random seed to 42
2025-04-15 19:01:05,670 [INFO] src.utils.data_utils: Successfully loaded configuration from /home/dhanraj/quantum_federated_simulator/configs/federated/server_config.yaml
2025-04-15 19:01:05,672 [INFO] src.utils.data_utils: Successfully loaded configuration from /home/dhanraj/quantum_federated_simulator/configs/federated/client_config.yaml
2025-04-15 19:01:05,674 [INFO] src.utils.data_utils: Successfully loaded configuration from /home/dhanraj/quantum_federated_simulator/configs/federated/default_aggregation.yaml
2025-04-15 19:01:05,675 [INFO] ExperimentRunner: Quantum model specified: Reloading data with PCA features=4
2025-04-15 19:01:05,675 [INFO] src.utils.data_utils: Loading MNIST data from ./data. Target features: 4. Normalize: True
2025-04-15 19:01:06,655 [INFO] src.utils.data_utils: Applying PCA to reduce features from 784 to 4
2025-04-15 19:01:06,877 [INFO] src.utils.data_utils: PCA completed. Explained variance ratio sum: 0.1635
2025-04-15 19:01:06,878 [INFO] src.utils.data_utils: Applying MinMaxScaler to scale features to [-1, 1] range.
2025-04-15 19:01:06,961 [INFO] src.utils.data_utils: MNIST data loaded. Train size: 60000, Test size: 10000, Features: 4
2025-04-15 19:01:06,962 [INFO] src.utils.data_utils: Partitioning data IID among 5 clients.
2025-04-15 19:01:06,965 [INFO] src.utils.data_utils: Data partitioning complete.
2025-04-15 19:01:06,965 [INFO] ExperimentRunner: Creating model of type: vqc
2025-04-15 19:01:06,965 [INFO] src.quantum.models: Initializing VQC: qubits=4, layers=2, classes=10, circuit='basic', device='default.qubit', shots=None
2025-04-15 19:01:06,966 [INFO] src.quantum.utils: Loading PennyLane device 'default.qubit' with wires=4, shots=None, kwargs={}
2025-04-15 19:01:06,967 [INFO] src.quantum.utils: Device 'default.qubit' loaded successfully.
2025-04-15 19:01:06,968 [INFO] src.quantum.circuits: Creating basic circuit with 4 qubits, 2 layers.
2025-04-15 19:01:06,968 [INFO] src.quantum.circuits: Basic circuit expects 24 trainable parameters.
2025-04-15 19:01:06,968 [INFO] src.quantum.models: Circuit function requires 24 parameters.
2025-04-15 19:01:06,968 [INFO] src.quantum.models: Initialized 24 parameters randomly.
2025-04-15 19:01:06,969 [WARNING] src.quantum.models: VQC WARNING: Circuit output dimension (4) is less than target n_classes (10). Prediction/Loss may be suboptimal.
2025-04-15 19:01:06,969 [INFO] src.federated.aggregation: Creating aggregation strategy of type: fedavg
2025-04-15 19:01:06,969 [INFO] ExperimentRunner: Using aggregation strategy: QuantumAggregationStrategy
2025-04-15 19:01:06,969 [INFO] src.core.quantum_manager: QuantumServer: Initializing with model type 'vqc'.
2025-04-15 19:01:06,969 [INFO] src.federated.server: Federated server initialized on device 'cuda' with aggregation strategy: QuantumAggregationStrategy
2025-04-15 19:01:06,969 [INFO] ExperimentRunner: Creating model of type: vqc
2025-04-15 19:01:06,970 [INFO] src.quantum.models: Initializing VQC: qubits=4, layers=2, classes=10, circuit='basic', device='default.qubit', shots=None
2025-04-15 19:01:06,970 [INFO] src.quantum.utils: Loading PennyLane device 'default.qubit' with wires=4, shots=None, kwargs={}
2025-04-15 19:01:06,970 [INFO] src.quantum.utils: Device 'default.qubit' loaded successfully.
2025-04-15 19:01:06,970 [INFO] src.quantum.circuits: Creating basic circuit with 4 qubits, 2 layers.
2025-04-15 19:01:06,970 [INFO] src.quantum.circuits: Basic circuit expects 24 trainable parameters.
2025-04-15 19:01:06,970 [INFO] src.quantum.models: Circuit function requires 24 parameters.
2025-04-15 19:01:06,970 [INFO] src.quantum.models: Initialized 24 parameters randomly.
2025-04-15 19:01:06,970 [WARNING] src.quantum.models: VQC WARNING: Circuit output dimension (4) is less than target n_classes (10). Prediction/Loss may be suboptimal.
2025-04-15 19:01:06,970 [INFO] src.core.quantum_client: QuantumClient vqc_client_0: Initializing with model type 'vqc'.
2025-04-15 19:01:06,971 [INFO] src.federated.client: Client vqc_client_0 initialized on device 'cuda' with 12000 samples.
2025-04-15 19:01:06,971 [INFO] src.federated.server: Registered client 'vqc_client_0'. Total clients: 1.
2025-04-15 19:01:06,971 [INFO] ExperimentRunner: Creating model of type: vqc
2025-04-15 19:01:06,971 [INFO] src.quantum.models: Initializing VQC: qubits=4, layers=2, classes=10, circuit='basic', device='default.qubit', shots=None
2025-04-15 19:01:06,971 [INFO] src.quantum.utils: Loading PennyLane device 'default.qubit' with wires=4, shots=None, kwargs={}
2025-04-15 19:01:06,971 [INFO] src.quantum.utils: Device 'default.qubit' loaded successfully.
2025-04-15 19:01:06,971 [INFO] src.quantum.circuits: Creating basic circuit with 4 qubits, 2 layers.
2025-04-15 19:01:06,971 [INFO] src.quantum.circuits: Basic circuit expects 24 trainable parameters.
2025-04-15 19:01:06,971 [INFO] src.quantum.models: Circuit function requires 24 parameters.
2025-04-15 19:01:06,971 [INFO] src.quantum.models: Initialized 24 parameters randomly.
2025-04-15 19:01:06,971 [WARNING] src.quantum.models: VQC WARNING: Circuit output dimension (4) is less than target n_classes (10). Prediction/Loss may be suboptimal.
2025-04-15 19:01:06,971 [INFO] src.core.quantum_client: QuantumClient vqc_client_1: Initializing with model type 'vqc'.
2025-04-15 19:01:06,971 [INFO] src.federated.client: Client vqc_client_1 initialized on device 'cuda' with 12000 samples.
2025-04-15 19:01:06,971 [INFO] src.federated.server: Registered client 'vqc_client_1'. Total clients: 2.
2025-04-15 19:01:06,972 [INFO] ExperimentRunner: Creating model of type: vqc
2025-04-15 19:01:06,972 [INFO] src.quantum.models: Initializing VQC: qubits=4, layers=2, classes=10, circuit='basic', device='default.qubit', shots=None
2025-04-15 19:01:06,972 [INFO] src.quantum.utils: Loading PennyLane device 'default.qubit' with wires=4, shots=None, kwargs={}
2025-04-15 19:01:06,972 [INFO] src.quantum.utils: Device 'default.qubit' loaded successfully.
2025-04-15 19:01:06,972 [INFO] src.quantum.circuits: Creating basic circuit with 4 qubits, 2 layers.
2025-04-15 19:01:06,972 [INFO] src.quantum.circuits: Basic circuit expects 24 trainable parameters.
2025-04-15 19:01:06,972 [INFO] src.quantum.models: Circuit function requires 24 parameters.
2025-04-15 19:01:06,972 [INFO] src.quantum.models: Initialized 24 parameters randomly.
2025-04-15 19:01:06,972 [WARNING] src.quantum.models: VQC WARNING: Circuit output dimension (4) is less than target n_classes (10). Prediction/Loss may be suboptimal.
2025-04-15 19:01:06,972 [INFO] src.core.quantum_client: QuantumClient vqc_client_2: Initializing with model type 'vqc'.
2025-04-15 19:01:06,972 [INFO] src.federated.client: Client vqc_client_2 initialized on device 'cuda' with 12000 samples.
2025-04-15 19:01:06,972 [INFO] src.federated.server: Registered client 'vqc_client_2'. Total clients: 3.
2025-04-15 19:01:06,972 [INFO] ExperimentRunner: Creating model of type: vqc
2025-04-15 19:01:06,972 [INFO] src.quantum.models: Initializing VQC: qubits=4, layers=2, classes=10, circuit='basic', device='default.qubit', shots=None
2025-04-15 19:01:06,972 [INFO] src.quantum.utils: Loading PennyLane device 'default.qubit' with wires=4, shots=None, kwargs={}
2025-04-15 19:01:06,973 [INFO] src.quantum.utils: Device 'default.qubit' loaded successfully.
2025-04-15 19:01:06,973 [INFO] src.quantum.circuits: Creating basic circuit with 4 qubits, 2 layers.
2025-04-15 19:01:06,973 [INFO] src.quantum.circuits: Basic circuit expects 24 trainable parameters.
2025-04-15 19:01:06,973 [INFO] src.quantum.models: Circuit function requires 24 parameters.
2025-04-15 19:01:06,973 [INFO] src.quantum.models: Initialized 24 parameters randomly.
2025-04-15 19:01:06,973 [WARNING] src.quantum.models: VQC WARNING: Circuit output dimension (4) is less than target n_classes (10). Prediction/Loss may be suboptimal.
2025-04-15 19:01:06,973 [INFO] src.core.quantum_client: QuantumClient vqc_client_3: Initializing with model type 'vqc'.
2025-04-15 19:01:06,973 [INFO] src.federated.client: Client vqc_client_3 initialized on device 'cuda' with 12000 samples.
2025-04-15 19:01:06,973 [INFO] src.federated.server: Registered client 'vqc_client_3'. Total clients: 4.
2025-04-15 19:01:06,973 [INFO] ExperimentRunner: Creating model of type: vqc
2025-04-15 19:01:06,973 [INFO] src.quantum.models: Initializing VQC: qubits=4, layers=2, classes=10, circuit='basic', device='default.qubit', shots=None
2025-04-15 19:01:06,973 [INFO] src.quantum.utils: Loading PennyLane device 'default.qubit' with wires=4, shots=None, kwargs={}
2025-04-15 19:01:06,973 [INFO] src.quantum.utils: Device 'default.qubit' loaded successfully.
2025-04-15 19:01:06,973 [INFO] src.quantum.circuits: Creating basic circuit with 4 qubits, 2 layers.
2025-04-15 19:01:06,973 [INFO] src.quantum.circuits: Basic circuit expects 24 trainable parameters.
2025-04-15 19:01:06,973 [INFO] src.quantum.models: Circuit function requires 24 parameters.
2025-04-15 19:01:06,973 [INFO] src.quantum.models: Initialized 24 parameters randomly.
2025-04-15 19:01:06,974 [WARNING] src.quantum.models: VQC WARNING: Circuit output dimension (4) is less than target n_classes (10). Prediction/Loss may be suboptimal.
2025-04-15 19:01:06,974 [INFO] src.core.quantum_client: QuantumClient vqc_client_4: Initializing with model type 'vqc'.
2025-04-15 19:01:06,974 [INFO] src.federated.client: Client vqc_client_4 initialized on device 'cuda' with 12000 samples.
2025-04-15 19:01:06,974 [INFO] src.federated.server: Registered client 'vqc_client_4'. Total clients: 5.
2025-04-15 19:01:06,974 [INFO] ExperimentRunner: --- Scenario setup complete for VQC_FedAvg_IID_PCA4 ---
2025-04-15 19:01:06,974 [INFO] src.federated.server: Starting federated training process for 5 rounds.
2025-04-15 19:01:06,974 [INFO] src.federated.server: Config: local_epochs=1, client_fraction=0.1, min_clients=3, FedProx mu=0.0
2025-04-15 19:01:06,974 [INFO] src.federated.server: Performing initial evaluation of global model...
2025-04-15 19:01:06,974 [INFO] src.core.quantum_manager: Server: Starting evaluation (model type: vqc).
2025-04-15 19:01:50,425 [INFO] src.core.quantum_manager: Server VQC: Evaluation finished. Metrics: {'accuracy': 0.0488, 'loss': None}
2025-04-15 19:01:50,425 [INFO] src.federated.server: Initial Evaluation Metrics: {'accuracy': 0.0488, 'loss': None}
2025-04-15 19:01:50,426 [INFO] src.federated.server: ===== Starting Round 1/5 =====
2025-04-15 19:01:50,426 [INFO] src.federated.server: Starting federated training round...
2025-04-15 19:01:50,426 [INFO] src.federated.server: Selected 3 clients out of 5 available (fraction=0.1, min_clients=3): ['vqc_client_0', 'vqc_client_4', 'vqc_client_2']
2025-04-15 19:01:50,426 [INFO] src.core.quantum_client: Client vqc_client_0: Starting local training (model type: vqc).
