2025-06-24 05:47:18,238 [INFO] FedDive_ExperimentRunner: Starting 3 experiments...
2025-06-24 05:47:18,238 [INFO] FedDive_ExperimentRunner: ========== Starting: Synthetic_MultiModal_FedAvg ==========
2025-06-24 05:47:18,238 [INFO] FedDive_ExperimentRunner: --- Setting up experiment: Synthetic_MultiModal_FedAvg ---
2025-06-24 05:47:20,212 [INFO] src.utils.data_utils: Set all random seeds to 42
2025-06-24 05:47:20,213 [INFO] src.utils.data_utils: Generating multi-modal synthetic dataset...
2025-06-24 05:47:20,213 [INFO] src.utils.data_utils: Set all random seeds to 42
2025-06-24 05:47:20,223 [INFO] src.utils.data_utils: Loading dataset: synthetic_multi_modal, PCA features=None, Scaling=standard, Subset size=None
2025-06-24 05:47:20,224 [INFO] src.utils.data_utils: Set all random seeds to 42
2025-06-24 05:47:20,224 [INFO] src.utils.data_utils: Generating multi-modal synthetic dataset...
2025-06-24 05:47:20,225 [INFO] src.utils.data_utils: Set all random seeds to 42
2025-06-24 05:47:20,239 [INFO] FedDive_ExperimentRunner: Loaded configuration from /home/dhanraj/quantum_federated_simulator/configs/federated/client_config.yaml
2025-06-24 05:47:20,246 [INFO] FedDive_ExperimentRunner: Loaded configuration from /home/dhanraj/quantum_federated_simulator/configs/federated/server_config.yaml
2025-06-24 05:47:20,253 [INFO] FedDive_ExperimentRunner: Loaded configuration from /home/dhanraj/quantum_federated_simulator/configs/federated/default_aggregation.yaml
2025-06-24 05:47:20,254 [INFO] src.utils.data_utils: Partitioning synthetic data pathologically...
2025-06-24 05:47:20,258 [INFO] FedDive_ExperimentRunner: Creating model of type: mlp with n_features=2, n_classes=2
2025-06-24 05:47:20,259 [ERROR] FedDive_ExperimentRunner: ========== Experiment Synthetic_MultiModal_FedAvg failed: Unknown model type in config: mlp ==========
Traceback (most recent call last):
  File "/home/dhanraj/quantum_federated_simulator/run_synthetic.py", line 209, in run_experiments
    server, server_runtime_cfg = setup_federated_scenario(exp_config)
                                 ^^^^^^^^^^^^^^^^^^^^^^^^^^^^^^^^^^^^
  File "/home/dhanraj/quantum_federated_simulator/run_synthetic.py", line 162, in setup_federated_scenario
    global_model = create_model(model_cfg, n_features, n_classes)
                   ^^^^^^^^^^^^^^^^^^^^^^^^^^^^^^^^^^^^^^^^^^^^^^
  File "/home/dhanraj/quantum_federated_simulator/run_synthetic.py", line 88, in create_model
    raise ValueError(f"Unknown model type in config: {model_type}")
ValueError: Unknown model type in config: mlp
2025-06-24 05:47:20,260 [INFO] FedDive_ExperimentRunner: ========== Starting: Synthetic_MultiModal_FedProx ==========
2025-06-24 05:47:20,260 [INFO] FedDive_ExperimentRunner: --- Setting up experiment: Synthetic_MultiModal_FedProx ---
2025-06-24 05:47:20,261 [INFO] src.utils.data_utils: Set all random seeds to 42
2025-06-24 05:47:20,261 [INFO] src.utils.data_utils: Generating multi-modal synthetic dataset...
2025-06-24 05:47:20,262 [INFO] src.utils.data_utils: Set all random seeds to 42
2025-06-24 05:47:20,271 [INFO] src.utils.data_utils: Loading dataset: synthetic_multi_modal, PCA features=None, Scaling=standard, Subset size=None
2025-06-24 05:47:20,273 [INFO] src.utils.data_utils: Set all random seeds to 42
2025-06-24 05:47:20,273 [INFO] src.utils.data_utils: Generating multi-modal synthetic dataset...
2025-06-24 05:47:20,274 [INFO] src.utils.data_utils: Set all random seeds to 42
2025-06-24 05:47:20,290 [INFO] FedDive_ExperimentRunner: Loaded configuration from /home/dhanraj/quantum_federated_simulator/configs/federated/client_config.yaml
2025-06-24 05:47:20,298 [INFO] FedDive_ExperimentRunner: Loaded configuration from /home/dhanraj/quantum_federated_simulator/configs/federated/server_config.yaml
2025-06-24 05:47:20,302 [INFO] FedDive_ExperimentRunner: Loaded configuration from /home/dhanraj/quantum_federated_simulator/configs/federated/default_aggregation.yaml
2025-06-24 05:47:20,303 [INFO] src.utils.data_utils: Partitioning synthetic data pathologically...
2025-06-24 05:47:20,305 [INFO] FedDive_ExperimentRunner: Creating model of type: mlp with n_features=2, n_classes=2
2025-06-24 05:47:20,305 [ERROR] FedDive_ExperimentRunner: ========== Experiment Synthetic_MultiModal_FedProx failed: Unknown model type in config: mlp ==========
Traceback (most recent call last):
  File "/home/dhanraj/quantum_federated_simulator/run_synthetic.py", line 209, in run_experiments
    server, server_runtime_cfg = setup_federated_scenario(exp_config)
                                 ^^^^^^^^^^^^^^^^^^^^^^^^^^^^^^^^^^^^
  File "/home/dhanraj/quantum_federated_simulator/run_synthetic.py", line 162, in setup_federated_scenario
    global_model = create_model(model_cfg, n_features, n_classes)
                   ^^^^^^^^^^^^^^^^^^^^^^^^^^^^^^^^^^^^^^^^^^^^^^
  File "/home/dhanraj/quantum_federated_simulator/run_synthetic.py", line 88, in create_model
    raise ValueError(f"Unknown model type in config: {model_type}")
ValueError: Unknown model type in config: mlp
2025-06-24 05:47:20,306 [INFO] FedDive_ExperimentRunner: ========== Starting: Synthetic_MultiModal_FedDive ==========
2025-06-24 05:47:20,306 [INFO] FedDive_ExperimentRunner: --- Setting up experiment: Synthetic_MultiModal_FedDive ---
2025-06-24 05:47:20,307 [INFO] src.utils.data_utils: Set all random seeds to 42
2025-06-24 05:47:20,308 [INFO] src.utils.data_utils: Generating multi-modal synthetic dataset...
2025-06-24 05:47:20,309 [INFO] src.utils.data_utils: Set all random seeds to 42
2025-06-24 05:47:20,317 [INFO] src.utils.data_utils: Loading dataset: synthetic_multi_modal, PCA features=None, Scaling=standard, Subset size=None
2025-06-24 05:47:20,318 [INFO] src.utils.data_utils: Set all random seeds to 42
2025-06-24 05:47:20,319 [INFO] src.utils.data_utils: Generating multi-modal synthetic dataset...
2025-06-24 05:47:20,319 [INFO] src.utils.data_utils: Set all random seeds to 42
2025-06-24 05:47:20,336 [INFO] FedDive_ExperimentRunner: Loaded configuration from /home/dhanraj/quantum_federated_simulator/configs/federated/client_config.yaml
2025-06-24 05:47:20,345 [INFO] FedDive_ExperimentRunner: Loaded configuration from /home/dhanraj/quantum_federated_simulator/configs/federated/server_config.yaml
2025-06-24 05:47:20,351 [INFO] FedDive_ExperimentRunner: Loaded configuration from /home/dhanraj/quantum_federated_simulator/configs/federated/default_aggregation.yaml
2025-06-24 05:47:20,351 [INFO] src.utils.data_utils: Partitioning synthetic data pathologically...
2025-06-24 05:47:20,352 [INFO] FedDive_ExperimentRunner: Creating model of type: mlp with n_features=2, n_classes=2
2025-06-24 05:47:20,352 [ERROR] FedDive_ExperimentRunner: ========== Experiment Synthetic_MultiModal_FedDive failed: Unknown model type in config: mlp ==========
Traceback (most recent call last):
  File "/home/dhanraj/quantum_federated_simulator/run_synthetic.py", line 209, in run_experiments
    server, server_runtime_cfg = setup_federated_scenario(exp_config)
                                 ^^^^^^^^^^^^^^^^^^^^^^^^^^^^^^^^^^^^
  File "/home/dhanraj/quantum_federated_simulator/run_synthetic.py", line 162, in setup_federated_scenario
    global_model = create_model(model_cfg, n_features, n_classes)
                   ^^^^^^^^^^^^^^^^^^^^^^^^^^^^^^^^^^^^^^^^^^^^^^
  File "/home/dhanraj/quantum_federated_simulator/run_synthetic.py", line 88, in create_model
    raise ValueError(f"Unknown model type in config: {model_type}")
ValueError: Unknown model type in config: mlp
2025-06-24 05:47:20,353 [ERROR] FedDive_ExperimentRunner: Failed to save results: 'final_accuracy'
2025-06-24 05:47:20,354 [INFO] FedDive_ExperimentRunner: All selected experiments finished.
2025-06-24 05:47:20,354 [INFO] FedDive_ExperimentRunner: Generating visualization plots...
2025-06-24 05:47:20,354 [INFO] VisualizationIntegration: Generating advanced visualizations for BC experiments...
2025-06-24 05:47:20,355 [INFO] AdvancedVisualization: Advanced visualization initialized with output directory: /home/dhanraj/quantum_federated_simulator/experiments/advanced_vis_bc
2025-06-24 05:47:20,356 [INFO] AdvancedVisualization: Generating all visualizations...
2025-06-24 05:47:20,356 [INFO] AdvancedVisualization: Generating advanced accuracy curves...
2025-06-24 05:47:20,356 [INFO] AdvancedVisualization: Preparing round-by-round data for visualization...
2025-06-24 05:47:20,356 [WARNING] AdvancedVisualization: Skipping failed experiment: Synthetic_MultiModal_FedAvg
2025-06-24 05:47:20,356 [WARNING] AdvancedVisualization: Skipping failed experiment: Synthetic_MultiModal_FedProx
2025-06-24 05:47:20,356 [WARNING] AdvancedVisualization: Skipping failed experiment: Synthetic_MultiModal_FedDive
2025-06-24 05:47:20,359 [WARNING] AdvancedVisualization: No round data available for plotting accuracy curves
2025-06-24 05:47:20,359 [INFO] AdvancedVisualization: Generating advanced loss curves...
2025-06-24 05:47:20,359 [INFO] AdvancedVisualization: Preparing round-by-round data for visualization...
2025-06-24 05:47:20,359 [WARNING] AdvancedVisualization: Skipping failed experiment: Synthetic_MultiModal_FedAvg
2025-06-24 05:47:20,359 [WARNING] AdvancedVisualization: Skipping failed experiment: Synthetic_MultiModal_FedProx
2025-06-24 05:47:20,360 [WARNING] AdvancedVisualization: Skipping failed experiment: Synthetic_MultiModal_FedDive
2025-06-24 05:47:20,361 [WARNING] AdvancedVisualization: No round data available for plotting loss curves
2025-06-24 05:47:20,361 [INFO] AdvancedVisualization: Generating accuracy vs resources plots...
2025-06-24 05:47:20,361 [INFO] AdvancedVisualization: Preparing round-by-round data for visualization...
2025-06-24 05:47:20,361 [WARNING] AdvancedVisualization: Skipping failed experiment: Synthetic_MultiModal_FedAvg
2025-06-24 05:47:20,362 [WARNING] AdvancedVisualization: Skipping failed experiment: Synthetic_MultiModal_FedProx
2025-06-24 05:47:20,362 [WARNING] AdvancedVisualization: Skipping failed experiment: Synthetic_MultiModal_FedDive
2025-06-24 05:47:20,363 [WARNING] AdvancedVisualization: No round data available for plotting accuracy vs resources
2025-06-24 05:47:20,363 [INFO] AdvancedVisualization: Generating comparative bar plots...
2025-06-24 05:47:20,364 [INFO] AdvancedVisualization: Preparing experiment metadata for visualization...
2025-06-24 05:47:20,403 [ERROR] VisualizationIntegration: Error generating advanced visualizations: unsupported operand type(s) for +: 'int' and 'NoneType'
2025-06-24 05:47:20,403 [INFO] VisualizationIntegration: Falling back to basic visualizations...
2025-06-24 05:47:20,403 [ERROR] VisualizationIntegration: Could not find original plot_bc_results function for fallback
2025-06-24 05:47:20,403 [INFO] FedDive_ExperimentRunner: Script finished.
