2025-06-03 06:00:28,343 [INFO] BC_ExperimentRunner: Starting All Breast Cancer Experiments...
2025-06-03 06:00:28,344 [INFO] BC_ExperimentRunner: ========== Starting BC_MLP_FedAvg_IID_FullFeat ==========
2025-06-03 06:00:28,344 [INFO] BC_ExperimentRunner: --- Setting up experiment: BC_MLP_FedAvg_IID_FullFeat for dataset breast_cancer ---
2025-06-03 06:00:31,178 [INFO] src.utils.data_utils: Set all random seeds to 42
2025-06-03 06:00:31,179 [INFO] BC_ExperimentRunner: Experiment 'BC_MLP_FedAvg_IID_FullFeat' will use tensor_dtype: torch.float32
2025-06-03 06:00:31,179 [INFO] src.utils.data_utils: Loading dataset: breast_cancer, PCA features=None, Scaling=standard, Subset size=None, Dtype=torch.float32
2025-06-03 06:00:31,180 [INFO] src.utils.data_utils: Set all random seeds to 42
2025-06-03 06:00:31,231 [INFO] src.utils.data_utils: Data preparation complete for 'breast_cancer'. Train size: 455, Test size: 114, Features: 30, Classes: 2
2025-06-03 06:00:31,239 [INFO] BC_ExperimentRunner: Successfully loaded configuration from /home/dhanraj/quantum_federated_simulator/configs/federated/server_config.yaml
2025-06-03 06:00:31,252 [INFO] BC_ExperimentRunner: Successfully loaded configuration from /home/dhanraj/quantum_federated_simulator/configs/federated/client_config.yaml
2025-06-03 06:00:31,267 [INFO] BC_ExperimentRunner: Successfully loaded configuration from /home/dhanraj/quantum_federated_simulator/configs/federated/default_aggregation.yaml
2025-06-03 06:00:31,283 [INFO] BC_ExperimentRunner: Creating model of type: classical_mlp with n_features=30, n_classes=2, initial_dtype_request=torch.float32
2025-06-03 06:00:31,292 [INFO] BC_ExperimentRunner: Model 'classical_mlp' parameters set to dtype: torch.float32
2025-06-03 06:00:31,293 [INFO] src.federated.aggregation: Creating aggregation strategy of type: fedavg
2025-06-03 06:00:31,293 [INFO] BC_ExperimentRunner: Using aggregation strategy: FedAvg (base: FedAvg)
2025-06-03 06:00:32,417 [INFO] src.federated.server: Federated server initialized on device 'cuda' with aggregation strategy: FedAvg
2025-06-03 06:00:32,418 [INFO] BC_ExperimentRunner: Creating model of type: classical_mlp with n_features=30, n_classes=2, initial_dtype_request=torch.float32
2025-06-03 06:00:32,419 [INFO] BC_ExperimentRunner: Model 'classical_mlp' parameters set to dtype: torch.float32
2025-06-03 06:00:34,794 [INFO] src.federated.client: Client classical_mlp_client_0 initialized on device 'cuda' with 91 samples.
2025-06-03 06:00:34,795 [INFO] BC_ExperimentRunner: Creating model of type: classical_mlp with n_features=30, n_classes=2, initial_dtype_request=torch.float32
2025-06-03 06:00:34,796 [INFO] BC_ExperimentRunner: Model 'classical_mlp' parameters set to dtype: torch.float32
2025-06-03 06:00:34,798 [INFO] src.federated.client: Client classical_mlp_client_1 initialized on device 'cuda' with 91 samples.
2025-06-03 06:00:34,798 [INFO] BC_ExperimentRunner: Creating model of type: classical_mlp with n_features=30, n_classes=2, initial_dtype_request=torch.float32
2025-06-03 06:00:34,799 [INFO] BC_ExperimentRunner: Model 'classical_mlp' parameters set to dtype: torch.float32
2025-06-03 06:00:34,801 [INFO] src.federated.client: Client classical_mlp_client_2 initialized on device 'cuda' with 91 samples.
2025-06-03 06:00:34,801 [INFO] BC_ExperimentRunner: Creating model of type: classical_mlp with n_features=30, n_classes=2, initial_dtype_request=torch.float32
2025-06-03 06:00:34,803 [INFO] BC_ExperimentRunner: Model 'classical_mlp' parameters set to dtype: torch.float32
2025-06-03 06:00:34,805 [INFO] src.federated.client: Client classical_mlp_client_3 initialized on device 'cuda' with 91 samples.
2025-06-03 06:00:34,805 [INFO] BC_ExperimentRunner: Creating model of type: classical_mlp with n_features=30, n_classes=2, initial_dtype_request=torch.float32
2025-06-03 06:00:34,806 [INFO] BC_ExperimentRunner: Model 'classical_mlp' parameters set to dtype: torch.float32
2025-06-03 06:00:34,808 [INFO] src.federated.client: Client classical_mlp_client_4 initialized on device 'cuda' with 91 samples.
2025-06-03 06:00:34,808 [INFO] src.federated.server: Registered client 'classical_mlp_client_0'. Total clients: 1.
2025-06-03 06:00:34,809 [INFO] src.federated.server: Registered client 'classical_mlp_client_1'. Total clients: 2.
2025-06-03 06:00:34,809 [INFO] src.federated.server: Registered client 'classical_mlp_client_2'. Total clients: 3.
2025-06-03 06:00:34,809 [INFO] src.federated.server: Registered client 'classical_mlp_client_3'. Total clients: 4.
2025-06-03 06:00:34,810 [INFO] src.federated.server: Registered client 'classical_mlp_client_4'. Total clients: 5.
2025-06-03 06:00:34,810 [INFO] BC_ExperimentRunner: --- Scenario setup complete for BC_MLP_FedAvg_IID_FullFeat ---
2025-06-03 06:00:34,810 [INFO] src.federated.server: Starting federated training process for 5 rounds.
2025-06-03 06:00:34,810 [INFO] src.federated.server: Config: local_epochs=3, client_fraction=0.1, min_clients=3, FedProx mu=0.0
2025-06-03 06:00:34,810 [INFO] src.federated.server: Performing initial evaluation of global model...
2025-06-03 06:00:36,025 [INFO] src.federated.server: Initial Evaluation Metrics: {'loss': 0.7119773626327515, 'accuracy': 0.3684210526315789}
2025-06-03 06:00:36,026 [INFO] src.federated.server: ===== Starting Round 1/5 =====
2025-06-03 06:00:36,026 [INFO] src.federated.server: Starting federated training round...
2025-06-03 06:00:36,026 [INFO] src.federated.server: Selected 3 clients out of 5 available (fraction=0.1, min_clients=3): ['classical_mlp_client_0', 'classical_mlp_client_4', 'classical_mlp_client_2']
2025-06-03 06:00:36,030 [INFO] src.federated.client: Client classical_mlp_client_0: Starting local training for 3 epochs. Proximal term mu=0.0.
2025-06-03 06:00:37,012 [INFO] src.federated.client: Client classical_mlp_client_0 - Epoch 1/3 completed. Average Loss: 0.7019
2025-06-03 06:00:37,033 [INFO] src.federated.client: Client classical_mlp_client_0 - Epoch 2/3 completed. Average Loss: 0.6574
2025-06-03 06:00:37,055 [INFO] src.federated.client: Client classical_mlp_client_0 - Epoch 3/3 completed. Average Loss: 0.6177
2025-06-03 06:00:37,056 [INFO] src.federated.client: Client classical_mlp_client_0: Local training finished. Processed 273 samples.
2025-06-03 06:00:37,058 [INFO] src.federated.client: Client classical_mlp_client_4: Starting local training for 3 epochs. Proximal term mu=0.0.
2025-06-03 06:00:37,077 [INFO] src.federated.client: Client classical_mlp_client_4 - Epoch 1/3 completed. Average Loss: 0.7091
2025-06-03 06:00:37,100 [INFO] src.federated.client: Client classical_mlp_client_4 - Epoch 2/3 completed. Average Loss: 0.6556
2025-06-03 06:00:37,123 [INFO] src.federated.client: Client classical_mlp_client_4 - Epoch 3/3 completed. Average Loss: 0.6103
2025-06-03 06:00:37,125 [INFO] src.federated.client: Client classical_mlp_client_4: Local training finished. Processed 273 samples.
2025-06-03 06:00:37,127 [INFO] src.federated.client: Client classical_mlp_client_2: Starting local training for 3 epochs. Proximal term mu=0.0.
2025-06-03 06:00:37,148 [INFO] src.federated.client: Client classical_mlp_client_2 - Epoch 1/3 completed. Average Loss: 0.7050
2025-06-03 06:00:37,165 [INFO] src.federated.client: Client classical_mlp_client_2 - Epoch 2/3 completed. Average Loss: 0.6537
2025-06-03 06:00:37,187 [INFO] src.federated.client: Client classical_mlp_client_2 - Epoch 3/3 completed. Average Loss: 0.6103
2025-06-03 06:00:37,189 [INFO] src.federated.client: Client classical_mlp_client_2: Local training finished. Processed 273 samples.
2025-06-03 06:00:37,190 [INFO] src.federated.server: Aggregating updates from 3 clients using FedAvg.
2025-06-03 06:00:37,190 [INFO] src.federated.aggregation: FedAvg: Aggregating updates from 3 clients.
2025-06-03 06:00:37,192 [INFO] src.federated.aggregation: FedAvg: Aggregation complete.
2025-06-03 06:00:37,193 [INFO] src.federated.server: Global model updated with aggregated parameters.
2025-06-03 06:00:37,194 [INFO] src.federated.server: Evaluating updated global model...
